Archive member included to satisfy reference by file (symbol)

/usr/lib/gcc/arm-none-eabi/6.3.1/../../../arm-none-eabi/lib/thumb/v7-m/libc_nano.a(lib_a-atexit.o)
                              /usr/lib/gcc/arm-none-eabi/6.3.1/../../../arm-none-eabi/lib/thumb/v7-m/crt0.o (atexit)
/usr/lib/gcc/arm-none-eabi/6.3.1/../../../arm-none-eabi/lib/thumb/v7-m/libc_nano.a(lib_a-exit.o)
                              /usr/lib/gcc/arm-none-eabi/6.3.1/../../../arm-none-eabi/lib/thumb/v7-m/crt0.o (exit)
/usr/lib/gcc/arm-none-eabi/6.3.1/../../../arm-none-eabi/lib/thumb/v7-m/libc_nano.a(lib_a-fini.o)
                              /usr/lib/gcc/arm-none-eabi/6.3.1/../../../arm-none-eabi/lib/thumb/v7-m/crt0.o (__libc_fini_array)
/usr/lib/gcc/arm-none-eabi/6.3.1/../../../arm-none-eabi/lib/thumb/v7-m/libc_nano.a(lib_a-impure.o)
                              /usr/lib/gcc/arm-none-eabi/6.3.1/../../../arm-none-eabi/lib/thumb/v7-m/libc_nano.a(lib_a-exit.o) (_global_impure_ptr)
/usr/lib/gcc/arm-none-eabi/6.3.1/../../../arm-none-eabi/lib/thumb/v7-m/libc_nano.a(lib_a-init.o)
                              /usr/lib/gcc/arm-none-eabi/6.3.1/../../../arm-none-eabi/lib/thumb/v7-m/crt0.o (__libc_init_array)
/usr/lib/gcc/arm-none-eabi/6.3.1/../../../arm-none-eabi/lib/thumb/v7-m/libc_nano.a(lib_a-memset.o)
                              /usr/lib/gcc/arm-none-eabi/6.3.1/../../../arm-none-eabi/lib/thumb/v7-m/crt0.o (memset)
/usr/lib/gcc/arm-none-eabi/6.3.1/../../../arm-none-eabi/lib/thumb/v7-m/libc_nano.a(lib_a-sprintf.o)
                              build/main.o (sprintf)
/usr/lib/gcc/arm-none-eabi/6.3.1/../../../arm-none-eabi/lib/thumb/v7-m/libc_nano.a(lib_a-strlen-stub.o)
                              build/main.o (strlen)
/usr/lib/gcc/arm-none-eabi/6.3.1/../../../arm-none-eabi/lib/thumb/v7-m/libc_nano.a(lib_a-__atexit.o)
                              /usr/lib/gcc/arm-none-eabi/6.3.1/../../../arm-none-eabi/lib/thumb/v7-m/libc_nano.a(lib_a-atexit.o) (__register_exitproc)
/usr/lib/gcc/arm-none-eabi/6.3.1/../../../arm-none-eabi/lib/thumb/v7-m/libc_nano.a(lib_a-__call_atexit.o)
                              /usr/lib/gcc/arm-none-eabi/6.3.1/../../../arm-none-eabi/lib/thumb/v7-m/libc_nano.a(lib_a-__atexit.o) (__call_exitprocs)
/usr/lib/gcc/arm-none-eabi/6.3.1/../../../arm-none-eabi/lib/thumb/v7-m/libc_nano.a(lib_a-nano-svfprintf.o)
                              /usr/lib/gcc/arm-none-eabi/6.3.1/../../../arm-none-eabi/lib/thumb/v7-m/libc_nano.a(lib_a-sprintf.o) (_svfprintf_r)
/usr/lib/gcc/arm-none-eabi/6.3.1/../../../arm-none-eabi/lib/thumb/v7-m/libc_nano.a(lib_a-nano-vfprintf_i.o)
                              /usr/lib/gcc/arm-none-eabi/6.3.1/../../../arm-none-eabi/lib/thumb/v7-m/libc_nano.a(lib_a-nano-svfprintf.o) (_printf_i)
/usr/lib/gcc/arm-none-eabi/6.3.1/../../../arm-none-eabi/lib/thumb/v7-m/libc_nano.a(lib_a-memchr-stub.o)
                              /usr/lib/gcc/arm-none-eabi/6.3.1/../../../arm-none-eabi/lib/thumb/v7-m/libc_nano.a(lib_a-nano-svfprintf.o) (memchr)
/usr/lib/gcc/arm-none-eabi/6.3.1/../../../arm-none-eabi/lib/thumb/v7-m/libc_nano.a(lib_a-memcpy.o)
                              /usr/lib/gcc/arm-none-eabi/6.3.1/../../../arm-none-eabi/lib/thumb/v7-m/libc_nano.a(lib_a-nano-svfprintf.o) (memcpy)
/usr/lib/gcc/arm-none-eabi/6.3.1/../../../arm-none-eabi/lib/thumb/v7-m/libc_nano.a(lib_a-memmove.o)
                              /usr/lib/gcc/arm-none-eabi/6.3.1/../../../arm-none-eabi/lib/thumb/v7-m/libc_nano.a(lib_a-nano-svfprintf.o) (memmove)
/usr/lib/gcc/arm-none-eabi/6.3.1/../../../arm-none-eabi/lib/thumb/v7-m/libc_nano.a(lib_a-nano-freer.o)
                              /usr/lib/gcc/arm-none-eabi/6.3.1/../../../arm-none-eabi/lib/thumb/v7-m/libc_nano.a(lib_a-nano-svfprintf.o) (_free_r)
/usr/lib/gcc/arm-none-eabi/6.3.1/../../../arm-none-eabi/lib/thumb/v7-m/libc_nano.a(lib_a-nano-mallocr.o)
                              /usr/lib/gcc/arm-none-eabi/6.3.1/../../../arm-none-eabi/lib/thumb/v7-m/libc_nano.a(lib_a-nano-svfprintf.o) (_malloc_r)
/usr/lib/gcc/arm-none-eabi/6.3.1/../../../arm-none-eabi/lib/thumb/v7-m/libc_nano.a(lib_a-nano-reallocr.o)
                              /usr/lib/gcc/arm-none-eabi/6.3.1/../../../arm-none-eabi/lib/thumb/v7-m/libc_nano.a(lib_a-nano-svfprintf.o) (_realloc_r)
/usr/lib/gcc/arm-none-eabi/6.3.1/../../../arm-none-eabi/lib/thumb/v7-m/libc_nano.a(lib_a-sbrkr.o)
                              /usr/lib/gcc/arm-none-eabi/6.3.1/../../../arm-none-eabi/lib/thumb/v7-m/libc_nano.a(lib_a-nano-mallocr.o) (_sbrk_r)
/usr/lib/gcc/arm-none-eabi/6.3.1/../../../arm-none-eabi/lib/thumb/v7-m/libc_nano.a(lib_a-nano-msizer.o)
                              /usr/lib/gcc/arm-none-eabi/6.3.1/../../../arm-none-eabi/lib/thumb/v7-m/libc_nano.a(lib_a-nano-reallocr.o) (_malloc_usable_size_r)
/usr/lib/gcc/arm-none-eabi/6.3.1/../../../arm-none-eabi/lib/thumb/v7-m/libc_nano.a(lib_a-reent.o)
                              /usr/lib/gcc/arm-none-eabi/6.3.1/../../../arm-none-eabi/lib/thumb/v7-m/libc_nano.a(lib_a-sbrkr.o) (errno)
[...]
Memory Configuration

Name             Origin             Length             Attributes
RAM              0x0000000020000000 0x0000000000005000 xrw
FLASH            0x0000000008000000 0x0000000000020000 xr
*default*        0x0000000000000000 0xffffffffffffffff

Linker script and memory map

LOAD /usr/lib/gcc/arm-none-eabi/6.3.1/thumb/v7-m/crti.o
LOAD /usr/lib/gcc/arm-none-eabi/6.3.1/thumb/v7-m/crtbegin.o
LOAD /usr/lib/gcc/arm-none-eabi/6.3.1/../../../arm-none-eabi/lib/thumb/v7-m/crt0.o
LOAD build/main.o
LOAD build/gpio.o
LOAD build/sys.o
LOAD build/stm32f1xx_it.o
LOAD build/stm32f1xx_hal_msp.o
LOAD build/stm32f1xx_hal_gpio_ex.o
LOAD build/stm32f1xx_hal_tim.o
LOAD build/stm32f1xx_hal_tim_ex.o
LOAD build/stm32f1xx_hal.o
LOAD build/stm32f1xx_hal_rcc.o
LOAD build/stm32f1xx_hal_rcc_ex.o
LOAD build/stm32f1xx_hal_gpio.o
LOAD build/stm32f1xx_hal_dma.o
LOAD build/stm32f1xx_hal_cortex.o
LOAD build/stm32f1xx_hal_pwr.o
LOAD build/stm32f1xx_hal_flash.o
LOAD build/stm32f1xx_hal_flash_ex.o
LOAD build/stm32f1xx_hal_exti.o
LOAD build/system_stm32f1xx.o
LOAD build/adc.o
LOAD build/rtc.o
LOAD build/tim.o
LOAD build/usb_device.o
LOAD build/usbd_desc.o
LOAD build/usbd_cdc_if.o
LOAD build/usbd_conf.o
LOAD build/stm32f1xx_hal_pcd.o
LOAD build/stm32f1xx_hal_pcd_ex.o
LOAD build/stm32f1xx_ll_usb.o
LOAD build/stm32f1xx_hal_adc.o
LOAD build/stm32f1xx_hal_adc_ex.o
LOAD build/stm32f1xx_hal_rtc.o
LOAD build/stm32f1xx_hal_rtc_ex.o
LOAD build/usbd_core.o
LOAD build/usbd_ctlreq.o
LOAD build/usbd_ioreq.o
LOAD build/usbd_cdc.o
LOAD build/startup_stm32f103xb.o
LOAD /usr/lib/gcc/arm-none-eabi/6.3.1/../../../arm-none-eabi/lib/thumb/v7-m/libc_nano.a
LOAD /usr/lib/gcc/arm-none-eabi/6.3.1/../../../arm-none-eabi/lib/thumb/v7-m/libm.a
LOAD /usr/lib/gcc/arm-none-eabi/6.3.1/../../../arm-none-eabi/lib/thumb/v7-m/libnosys.a
START GROUP
LOAD /usr/lib/gcc/arm-none-eabi/6.3.1/thumb/v7-m/libgcc.a
LOAD /usr/lib/gcc/arm-none-eabi/6.3.1/../../../arm-none-eabi/lib/thumb/v7-m/libc_nano.a
END GROUP
START GROUP
LOAD /usr/lib/gcc/arm-none-eabi/6.3.1/thumb/v7-m/libgcc.a
LOAD /usr/lib/gcc/arm-none-eabi/6.3.1/../../../arm-none-eabi/lib/thumb/v7-m/libc_nano.a
END GROUP
LOAD /usr/lib/gcc/arm-none-eabi/6.3.1/thumb/v7-m/crtend.o
LOAD /usr/lib/gcc/arm-none-eabi/6.3.1/thumb/v7-m/crtn.o
                0x0000000020005000                _estack = 0x20005000
                0x0000000000000200                _Min_Heap_Size = 0x200
                0x0000000000000400                _Min_Stack_Size = 0x400

.isr_vector     0x0000000008000000      0x10c
                0x0000000008000000                . = ALIGN (0x4)
 *(.isr_vector)
 .isr_vector    0x0000000008000000      0x10c build/startup_stm32f103xb.o
                0x0000000008000000                g_pfnVectors
                0x000000000800010c                . = ALIGN (0x4)

.text           0x000000000800010c     0x4f98
                0x000000000800010c                . = ALIGN (0x4)
 *(.text)
 .text          0x000000000800010c       0xa4 /usr/lib/gcc/arm-none-eabi/6.3.1/thumb/v7-m/crtbegin.o
 .text          0x00000000080001b0       0x50 /usr/lib/gcc/arm-none-eabi/6.3.1/../../../arm-none-eabi/lib/thumb/v7-m/libc_nano.a(lib_a-init.o)
                0x00000000080001b0                __libc_init_array
 .text          0x0000000008000200       0x9c /usr/lib/gcc/arm-none-eabi/6.3.1/../../../arm-none-eabi/lib/thumb/v7-m/libc_nano.a(lib_a-memset.o)
                0x0000000008000200                memset
 .text          0x000000000800029c       0x90 /usr/lib/gcc/arm-none-eabi/6.3.1/../../../arm-none-eabi/lib/thumb/v7-m/libc_nano.a(lib_a-sprintf.o)
                0x000000000800029c                _siprintf_r
                0x000000000800029c                _sprintf_r
                0x00000000080002e0                sprintf
                0x00000000080002e0                siprintf
 .text          0x000000000800032c       0x5c /usr/lib/gcc/arm-none-eabi/6.3.1/../../../arm-none-eabi/lib/thumb/v7-m/libc_nano.a(lib_a-strlen-stub.o)
                0x000000000800032c                strlen
 .text          0x0000000008000388      0x408 /usr/lib/gcc/arm-none-eabi/6.3.1/../../../arm-none-eabi/lib/thumb/v7-m/libc_nano.a(lib_a-nano-svfprintf.o)
                0x0000000008000388                __ssputs_r
                0x000000000800044c                __ssprint_r
                0x0000000008000548                _svfprintf_r
                0x0000000008000548                _svfiprintf_r
 .text          0x0000000008000790      0x3cc /usr/lib/gcc/arm-none-eabi/6.3.1/../../../arm-none-eabi/lib/thumb/v7-m/libc_nano.a(lib_a-nano-vfprintf_i.o)
                0x0000000008000790                _printf_common
                0x00000000080008c0                _printf_i
 .text          0x0000000008000b5c       0x8c /usr/lib/gcc/arm-none-eabi/6.3.1/../../../arm-none-eabi/lib/thumb/v7-m/libc_nano.a(lib_a-memchr-stub.o)
                0x0000000008000b5c                memchr
 .text          0x0000000008000be8       0xec /usr/lib/gcc/arm-none-eabi/6.3.1/../../../arm-none-eabi/lib/thumb/v7-m/libc_nano.a(lib_a-memcpy.o)
                0x0000000008000be8                memcpy
 .text          0x0000000008000cd4       0xc8 /usr/lib/gcc/arm-none-eabi/6.3.1/../../../arm-none-eabi/lib/thumb/v7-m/libc_nano.a(lib_a-memmove.o)
                0x0000000008000cd4                memmove
 .text          0x0000000008000d9c       0x90 /usr/lib/gcc/arm-none-eabi/6.3.1/../../../arm-none-eabi/lib/thumb/v7-m/libc_nano.a(lib_a-nano-freer.o)
                0x0000000008000d9c                _free_r
 .text          0x0000000008000e2c       0xbc /usr/lib/gcc/arm-none-eabi/6.3.1/../../../arm-none-eabi/lib/thumb/v7-m/libc_nano.a(lib_a-nano-mallocr.o)
                0x0000000008000e2c                _malloc_r
 .text          0x0000000008000ee8       0x50 /usr/lib/gcc/arm-none-eabi/6.3.1/../../../arm-none-eabi/lib/thumb/v7-m/libc_nano.a(lib_a-nano-reallocr.o)
                0x0000000008000ee8                _realloc_r
 .text          0x0000000008000f38       0x24 /usr/lib/gcc/arm-none-eabi/6.3.1/../../../arm-none-eabi/lib/thumb/v7-m/libc_nano.a(lib_a-sbrkr.o)
                0x0000000008000f38                _sbrk_r
 .text          0x0000000008000f5c       0x14 /usr/lib/gcc/arm-none-eabi/6.3.1/../../../arm-none-eabi/lib/thumb/v7-m/libc_nano.a(lib_a-nano-msizer.o)
                0x0000000008000f5c                _malloc_usable_size_r
 .text          0x0000000008000f70       0x1c /usr/lib/gcc/arm-none-eabi/6.3.1/../../../arm-none-eabi/lib/thumb/v7-m/libnosys.a(sbrk.o)
                0x0000000008000f70                _sbrk
 *(.text*)
 .text.get_encoder_value
                0x0000000008000f8c       0x18 build/main.o
                0x0000000008000f8c                get_encoder_value
 .text.reset_encoder_count
                0x0000000008000fa4        0xc build/main.o
                0x0000000008000fa4                reset_encoder_count
 .text.count_encoder
                0x0000000008000fb0       0x10 build/main.o
                0x0000000008000fb0                count_encoder
 .text.SystemClock_Config
                0x0000000008000fc0       0x7e build/main.o
                0x0000000008000fc0                SystemClock_Config
 *fill*         0x000000000800103e        0x2 
 .text.main     0x0000000008001040       0xb8 build/main.o
                0x0000000008001040                main
 .text.Error_Handler
                0x00000000080010f8        0x2 build/main.o
                0x00000000080010f8                Error_Handler
 *fill*         0x00000000080010fa        0x2 
 .text.MX_GPIO_Init
                0x00000000080010fc       0x78 build/gpio.o
                0x00000000080010fc                MX_GPIO_Init
 .text.NMI_Handler
                0x0000000008001174        0x2 build/stm32f1xx_it.o
                0x0000000008001174                NMI_Handler
 .text.HardFault_Handler
                0x0000000008001176        0x2 build/stm32f1xx_it.o
                0x0000000008001176                HardFault_Handler
 .text.MemManage_Handler
                0x0000000008001178        0x2 build/stm32f1xx_it.o
                0x0000000008001178                MemManage_Handler
 .text.BusFault_Handler
                0x000000000800117a        0x2 build/stm32f1xx_it.o
                0x000000000800117a                BusFault_Handler
 .text.UsageFault_Handler
                0x000000000800117c        0x2 build/stm32f1xx_it.o
                0x000000000800117c                UsageFault_Handler
 .text.SVC_Handler
                0x000000000800117e        0x2 build/stm32f1xx_it.o
                0x000000000800117e                SVC_Handler
 .text.DebugMon_Handler
                0x0000000008001180        0x2 build/stm32f1xx_it.o
                0x0000000008001180                DebugMon_Handler
 .text.PendSV_Handler
                0x0000000008001182        0x2 build/stm32f1xx_it.o
                0x0000000008001182                PendSV_Handler
 .text.SysTick_Handler
                0x0000000008001184        0x8 build/stm32f1xx_it.o
                0x0000000008001184                SysTick_Handler
 .text.USB_LP_CAN1_RX0_IRQHandler
                0x000000000800118c       0x10 build/stm32f1xx_it.o
                0x000000000800118c                USB_LP_CAN1_RX0_IRQHandler
 .text.HAL_MspInit
                0x000000000800119c       0x44 build/stm32f1xx_hal_msp.o
                0x000000000800119c                HAL_MspInit
 .text.TIM_Base_SetConfig
                0x00000000080011e0       0x78 build/stm32f1xx_hal_tim.o
                0x00000000080011e0                TIM_Base_SetConfig
 .text.HAL_TIM_Encoder_Init
                0x0000000008001258       0x9c build/stm32f1xx_hal_tim.o
                0x0000000008001258                HAL_TIM_Encoder_Init
 .text.TIM_CCxChannelCmd
                0x00000000080012f4       0x20 build/stm32f1xx_hal_tim.o
                0x00000000080012f4                TIM_CCxChannelCmd
 .text.HAL_TIM_Encoder_Start
                0x0000000008001314       0x44 build/stm32f1xx_hal_tim.o
                0x0000000008001314                HAL_TIM_Encoder_Start
 .text.HAL_TIMEx_MasterConfigSynchronization
                0x0000000008001358       0x46 build/stm32f1xx_hal_tim_ex.o
                0x0000000008001358                HAL_TIMEx_MasterConfigSynchronization
 *fill*         0x000000000800139e        0x2 
 .text.HAL_InitTick
                0x00000000080013a0       0x4c build/stm32f1xx_hal.o
                0x00000000080013a0                HAL_InitTick
 .text.HAL_Init
                0x00000000080013ec       0x24 build/stm32f1xx_hal.o
                0x00000000080013ec                HAL_Init
 .text.HAL_IncTick
                0x0000000008001410       0x18 build/stm32f1xx_hal.o
                0x0000000008001410                HAL_IncTick
 .text.HAL_GetTick
                0x0000000008001428        0xc build/stm32f1xx_hal.o
                0x0000000008001428                HAL_GetTick
 .text.HAL_Delay
                0x0000000008001434       0x28 build/stm32f1xx_hal.o
                0x0000000008001434                HAL_Delay
 .text.RCC_Delay
                0x000000000800145c       0x2c build/stm32f1xx_hal_rcc.o
 .text.HAL_RCC_OscConfig
                0x0000000008001488      0x410 build/stm32f1xx_hal_rcc.o
                0x0000000008001488                HAL_RCC_OscConfig
 .text.HAL_RCC_GetSysClockFreq
                0x0000000008001898       0x6c build/stm32f1xx_hal_rcc.o
                0x0000000008001898                HAL_RCC_GetSysClockFreq
 .text.HAL_RCC_ClockConfig
                0x0000000008001904      0x168 build/stm32f1xx_hal_rcc.o
                0x0000000008001904                HAL_RCC_ClockConfig
 .text.HAL_RCC_GetHCLKFreq
                0x0000000008001a6c        0xc build/stm32f1xx_hal_rcc.o
                0x0000000008001a6c                HAL_RCC_GetHCLKFreq
 .text.HAL_RCC_GetPCLK2Freq
                0x0000000008001a78       0x20 build/stm32f1xx_hal_rcc.o
                0x0000000008001a78                HAL_RCC_GetPCLK2Freq
 .text.HAL_RCCEx_PeriphCLKConfig
                0x0000000008001a98      0x114 build/stm32f1xx_hal_rcc_ex.o
                0x0000000008001a98                HAL_RCCEx_PeriphCLKConfig
 .text.HAL_RCCEx_GetPeriphCLKFreq
                0x0000000008001bac       0xfc build/stm32f1xx_hal_rcc_ex.o
                0x0000000008001bac                HAL_RCCEx_GetPeriphCLKFreq
 .text.HAL_GPIO_Init
                0x0000000008001ca8      0x1f0 build/stm32f1xx_hal_gpio.o
                0x0000000008001ca8                HAL_GPIO_Init
 .text.HAL_GPIO_WritePin
                0x0000000008001e98        0xc build/stm32f1xx_hal_gpio.o
                0x0000000008001e98                HAL_GPIO_WritePin
 .text.HAL_GPIO_TogglePin
                0x0000000008001ea4        0xe build/stm32f1xx_hal_gpio.o
                0x0000000008001ea4                HAL_GPIO_TogglePin
 *fill*         0x0000000008001eb2        0x2 
 .text.HAL_NVIC_SetPriorityGrouping
                0x0000000008001eb4       0x24 build/stm32f1xx_hal_cortex.o
                0x0000000008001eb4                HAL_NVIC_SetPriorityGrouping
 .text.HAL_NVIC_SetPriority
                0x0000000008001ed8       0x64 build/stm32f1xx_hal_cortex.o
                0x0000000008001ed8                HAL_NVIC_SetPriority
 .text.HAL_NVIC_EnableIRQ
                0x0000000008001f3c       0x1c build/stm32f1xx_hal_cortex.o
                0x0000000008001f3c                HAL_NVIC_EnableIRQ
 .text.HAL_SYSTICK_Config
                0x0000000008001f58       0x2c build/stm32f1xx_hal_cortex.o
                0x0000000008001f58                HAL_SYSTICK_Config
 .text.HAL_PWR_EnableBkUpAccess
                0x0000000008001f84        0xc build/stm32f1xx_hal_pwr.o
                0x0000000008001f84                HAL_PWR_EnableBkUpAccess
 .text.SystemInit
                0x0000000008001f90       0x4c build/system_stm32f1xx.o
                0x0000000008001f90                SystemInit
 .text.MX_ADC2_Init
                0x0000000008001fdc       0x58 build/adc.o
                0x0000000008001fdc                MX_ADC2_Init
 .text.HAL_ADC_MspInit
                0x0000000008002034       0x60 build/adc.o
                0x0000000008002034                HAL_ADC_MspInit
 .text.MX_RTC_Init
                0x0000000008002094       0x7c build/rtc.o
                0x0000000008002094                MX_RTC_Init
 .text.HAL_RTC_MspInit
                0x0000000008002110       0x40 build/rtc.o
                0x0000000008002110                HAL_RTC_MspInit
 .text.MX_TIM1_Init
                0x0000000008002150       0x68 build/tim.o
                0x0000000008002150                MX_TIM1_Init
 .text.HAL_TIM_Encoder_MspInit
                0x00000000080021b8       0x60 build/tim.o
                0x00000000080021b8                HAL_TIM_Encoder_MspInit
 .text.MX_USB_DEVICE_Init
                0x0000000008002218       0x54 build/usb_device.o
                0x0000000008002218                MX_USB_DEVICE_Init
 .text.USBD_FS_DeviceDescriptor
                0x000000000800226c        0xc build/usbd_desc.o
                0x000000000800226c                USBD_FS_DeviceDescriptor
 .text.USBD_FS_LangIDStrDescriptor
                0x0000000008002278        0xc build/usbd_desc.o
                0x0000000008002278                USBD_FS_LangIDStrDescriptor
 .text.IntToUnicode
                0x0000000008002284       0x36 build/usbd_desc.o
 *fill*         0x00000000080022ba        0x2 
 .text.Get_SerialNum
                0x00000000080022bc       0x34 build/usbd_desc.o
 .text.USBD_FS_SerialStrDescriptor
                0x00000000080022f0       0x14 build/usbd_desc.o
                0x00000000080022f0                USBD_FS_SerialStrDescriptor
 .text.USBD_FS_ProductStrDescriptor
                0x0000000008002304       0x24 build/usbd_desc.o
                0x0000000008002304                USBD_FS_ProductStrDescriptor
 .text.USBD_FS_ManufacturerStrDescriptor
                0x0000000008002328       0x1c build/usbd_desc.o
                0x0000000008002328                USBD_FS_ManufacturerStrDescriptor
 .text.USBD_FS_ConfigStrDescriptor
                0x0000000008002344       0x24 build/usbd_desc.o
                0x0000000008002344                USBD_FS_ConfigStrDescriptor
 .text.USBD_FS_InterfaceStrDescriptor
                0x0000000008002368       0x24 build/usbd_desc.o
                0x0000000008002368                USBD_FS_InterfaceStrDescriptor
 .text.CDC_DeInit_FS
                0x000000000800238c        0x4 build/usbd_cdc_if.o
 .text.CDC_Control_FS
                0x0000000008002390        0x4 build/usbd_cdc_if.o
 .text.CDC_Receive_FS
                0x0000000008002394       0x1c build/usbd_cdc_if.o
 .text.CDC_Init_FS
                0x00000000080023b0       0x28 build/usbd_cdc_if.o
 .text.CDC_Transmit_FS
                0x00000000080023d8       0x2c build/usbd_cdc_if.o
                0x00000000080023d8                CDC_Transmit_FS
 .text.USBD_Get_USB_Status
                0x0000000008002404       0x12 build/usbd_conf.o
 *fill*         0x0000000008002416        0x2 
 .text.HAL_PCD_MspInit
                0x0000000008002418       0x40 build/usbd_conf.o
                0x0000000008002418                HAL_PCD_MspInit
 .text.HAL_PCD_SetupStageCallback
                0x0000000008002458       0x10 build/usbd_conf.o
                0x0000000008002458                HAL_PCD_SetupStageCallback
 .text.HAL_PCD_DataOutStageCallback
                0x0000000008002468       0x14 build/usbd_conf.o
                0x0000000008002468                HAL_PCD_DataOutStageCallback
 .text.HAL_PCD_DataInStageCallback
                0x000000000800247c       0x12 build/usbd_conf.o
                0x000000000800247c                HAL_PCD_DataInStageCallback
 .text.HAL_PCD_SOFCallback
                0x000000000800248e        0xc build/usbd_conf.o
                0x000000000800248e                HAL_PCD_SOFCallback
 .text.HAL_PCD_ResetCallback
                0x000000000800249a       0x22 build/usbd_conf.o
                0x000000000800249a                HAL_PCD_ResetCallback
 .text.HAL_PCD_SuspendCallback
                0x00000000080024bc       0x20 build/usbd_conf.o
                0x00000000080024bc                HAL_PCD_SuspendCallback
 .text.HAL_PCD_ResumeCallback
                0x00000000080024dc        0xc build/usbd_conf.o
                0x00000000080024dc                HAL_PCD_ResumeCallback
 .text.USBD_LL_Init
                0x00000000080024e8       0x84 build/usbd_conf.o
                0x00000000080024e8                USBD_LL_Init
 .text.USBD_LL_Start
                0x000000000800256c       0x10 build/usbd_conf.o
                0x000000000800256c                USBD_LL_Start
 .text.USBD_LL_OpenEP
                0x000000000800257c       0x16 build/usbd_conf.o
                0x000000000800257c                USBD_LL_OpenEP
 .text.USBD_LL_CloseEP
                0x0000000008002592       0x10 build/usbd_conf.o
                0x0000000008002592                USBD_LL_CloseEP
 .text.USBD_LL_StallEP
                0x00000000080025a2       0x10 build/usbd_conf.o
                0x00000000080025a2                USBD_LL_StallEP
 .text.USBD_LL_ClearStallEP
                0x00000000080025b2       0x10 build/usbd_conf.o
                0x00000000080025b2                USBD_LL_ClearStallEP
 .text.USBD_LL_IsStallEP
                0x00000000080025c2       0x26 build/usbd_conf.o
                0x00000000080025c2                USBD_LL_IsStallEP
 .text.USBD_LL_SetUSBAddress
                0x00000000080025e8       0x10 build/usbd_conf.o
                0x00000000080025e8                USBD_LL_SetUSBAddress
 .text.USBD_LL_Transmit
                0x00000000080025f8       0x10 build/usbd_conf.o
                0x00000000080025f8                USBD_LL_Transmit
 .text.USBD_LL_PrepareReceive
                0x0000000008002608       0x10 build/usbd_conf.o
                0x0000000008002608                USBD_LL_PrepareReceive
 .text.USBD_LL_GetRxDataSize
                0x0000000008002618        0xc build/usbd_conf.o
                0x0000000008002618                USBD_LL_GetRxDataSize
 .text.USBD_static_malloc
                0x0000000008002624        0x8 build/usbd_conf.o
                0x0000000008002624                USBD_static_malloc
 .text.USBD_static_free
                0x000000000800262c        0x2 build/usbd_conf.o
                0x000000000800262c                USBD_static_free
 .text.HAL_PCDEx_SetConnectionState
                0x000000000800262e        0x2 build/usbd_conf.o
                0x000000000800262e                HAL_PCDEx_SetConnectionState
 .text.HAL_PCD_Init
                0x0000000008002630       0xf4 build/stm32f1xx_hal_pcd.o
                0x0000000008002630                HAL_PCD_Init
 .text.HAL_PCD_Start
                0x0000000008002724       0x2e build/stm32f1xx_hal_pcd.o
                0x0000000008002724                HAL_PCD_Start
 .text.HAL_PCD_SetAddress
                0x0000000008002752       0x28 build/stm32f1xx_hal_pcd.o
                0x0000000008002752                HAL_PCD_SetAddress
 .text.HAL_PCD_EP_Open
                0x000000000800277a       0x70 build/stm32f1xx_hal_pcd.o
                0x000000000800277a                HAL_PCD_EP_Open
 .text.HAL_PCD_EP_Close
                0x00000000080027ea       0x5c build/stm32f1xx_hal_pcd.o
                0x00000000080027ea                HAL_PCD_EP_Close
 .text.HAL_PCD_EP_Receive
                0x0000000008002846       0x3e build/stm32f1xx_hal_pcd.o
                0x0000000008002846                HAL_PCD_EP_Receive
 .text.HAL_PCD_EP_GetRxCount
                0x0000000008002884        0xe build/stm32f1xx_hal_pcd.o
                0x0000000008002884                HAL_PCD_EP_GetRxCount
 .text.HAL_PCD_EP_Transmit
                0x0000000008002892       0x3c build/stm32f1xx_hal_pcd.o
                0x0000000008002892                HAL_PCD_EP_Transmit
 .text.PCD_EP_ISR_Handler
                0x00000000080028ce      0x388 build/stm32f1xx_hal_pcd.o
 .text.HAL_PCD_IRQHandler
                0x0000000008002c56      0x176 build/stm32f1xx_hal_pcd.o
                0x0000000008002c56                HAL_PCD_IRQHandler
 .text.HAL_PCD_EP_SetStall
                0x0000000008002dcc       0x6e build/stm32f1xx_hal_pcd.o
                0x0000000008002dcc                HAL_PCD_EP_SetStall
 .text.HAL_PCD_EP_ClrStall
                0x0000000008002e3a       0x6e build/stm32f1xx_hal_pcd.o
                0x0000000008002e3a                HAL_PCD_EP_ClrStall
 .text.HAL_PCDEx_PMAConfig
                0x0000000008002ea8       0x30 build/stm32f1xx_hal_pcd_ex.o
                0x0000000008002ea8                HAL_PCDEx_PMAConfig
 .text.USB_CoreInit
                0x0000000008002ed8        0xe build/stm32f1xx_ll_usb.o
                0x0000000008002ed8                USB_CoreInit
 .text.USB_EnableGlobalInt
                0x0000000008002ee6       0x12 build/stm32f1xx_ll_usb.o
                0x0000000008002ee6                USB_EnableGlobalInt
 .text.USB_DisableGlobalInt
                0x0000000008002ef8       0x14 build/stm32f1xx_ll_usb.o
                0x0000000008002ef8                USB_DisableGlobalInt
 .text.USB_SetCurrentMode
                0x0000000008002f0c        0x4 build/stm32f1xx_ll_usb.o
                0x0000000008002f0c                USB_SetCurrentMode
 .text.USB_DevInit
                0x0000000008002f10       0x2c build/stm32f1xx_ll_usb.o
                0x0000000008002f10                USB_DevInit
 .text.USB_ActivateEndpoint
                0x0000000008002f3c      0x380 build/stm32f1xx_ll_usb.o
                0x0000000008002f3c                USB_ActivateEndpoint
 .text.USB_DeactivateEndpoint
                0x00000000080032bc      0x1d4 build/stm32f1xx_ll_usb.o
                0x00000000080032bc                USB_DeactivateEndpoint
 .text.USB_EPSetStall
                0x0000000008003490       0x4a build/stm32f1xx_ll_usb.o
                0x0000000008003490                USB_EPSetStall
 .text.USB_EPClearStall
                0x00000000080034da       0xa2 build/stm32f1xx_ll_usb.o
                0x00000000080034da                USB_EPClearStall
 .text.USB_SetDevAddress
                0x000000000800357c        0xc build/stm32f1xx_ll_usb.o
                0x000000000800357c                USB_SetDevAddress
 .text.USB_DevConnect
                0x0000000008003588        0x4 build/stm32f1xx_ll_usb.o
                0x0000000008003588                USB_DevConnect
 .text.USB_DevDisconnect
                0x000000000800358c        0x4 build/stm32f1xx_ll_usb.o
                0x000000000800358c                USB_DevDisconnect
 .text.USB_ReadInterrupts
                0x0000000008003590        0x8 build/stm32f1xx_ll_usb.o
                0x0000000008003590                USB_ReadInterrupts
 .text.USB_EP0_OutStart
                0x0000000008003598        0x4 build/stm32f1xx_ll_usb.o
                0x0000000008003598                USB_EP0_OutStart
 .text.USB_WritePMA
                0x000000000800359c       0x2a build/stm32f1xx_ll_usb.o
                0x000000000800359c                USB_WritePMA
 .text.USB_EPStartXfer
                0x00000000080035c6      0x350 build/stm32f1xx_ll_usb.o
                0x00000000080035c6                USB_EPStartXfer
 .text.USB_ReadPMA
                0x0000000008003916       0x30 build/stm32f1xx_ll_usb.o
                0x0000000008003916                USB_ReadPMA
 *fill*         0x0000000008003946        0x2 
 .text.HAL_ADC_PollForConversion
                0x0000000008003948      0x170 build/stm32f1xx_hal_adc.o
                0x0000000008003948                HAL_ADC_PollForConversion
 .text.HAL_ADC_GetValue
                0x0000000008003ab8        0x6 build/stm32f1xx_hal_adc.o
                0x0000000008003ab8                HAL_ADC_GetValue
 *fill*         0x0000000008003abe        0x2 
 .text.HAL_ADC_ConfigChannel
                0x0000000008003ac0      0x138 build/stm32f1xx_hal_adc.o
                0x0000000008003ac0                HAL_ADC_ConfigChannel
 .text.ADC_Enable
                0x0000000008003bf8       0x80 build/stm32f1xx_hal_adc.o
                0x0000000008003bf8                ADC_Enable
 .text.HAL_ADC_Start
                0x0000000008003c78       0xec build/stm32f1xx_hal_adc.o
                0x0000000008003c78                HAL_ADC_Start
 .text.ADC_ConversionStop_Disable
                0x0000000008003d64       0x4c build/stm32f1xx_hal_adc.o
                0x0000000008003d64                ADC_ConversionStop_Disable
 .text.HAL_ADC_Init
                0x0000000008003db0      0x110 build/stm32f1xx_hal_adc.o
                0x0000000008003db0                HAL_ADC_Init
 .text.RTC_ReadTimeCounter
                0x0000000008003ec0       0x26 build/stm32f1xx_hal_rtc.o
 .text.RTC_ReadAlarmCounter
                0x0000000008003ee6        0xe build/stm32f1xx_hal_rtc.o
 .text.RTC_Bcd2ToByte
                0x0000000008003ef4       0x12 build/stm32f1xx_hal_rtc.o
 *fill*         0x0000000008003f06        0x2 
 .text.RTC_WeekDayNum
                0x0000000008003f08       0x9c build/stm32f1xx_hal_rtc.o
 .text.RTC_EnterInitMode
                0x0000000008003fa4       0x30 build/stm32f1xx_hal_rtc.o
 .text.RTC_ExitInitMode
                0x0000000008003fd4       0x32 build/stm32f1xx_hal_rtc.o
 .text.RTC_WriteTimeCounter
                0x0000000008004006       0x2e build/stm32f1xx_hal_rtc.o
 .text.RTC_WriteAlarmCounter
                0x0000000008004034       0x2e build/stm32f1xx_hal_rtc.o
 .text.HAL_RTC_SetTime
                0x0000000008004062       0xc2 build/stm32f1xx_hal_rtc.o
                0x0000000008004062                HAL_RTC_SetTime
 .text.HAL_RTC_SetDate
                0x0000000008004124       0xd8 build/stm32f1xx_hal_rtc.o
                0x0000000008004124                HAL_RTC_SetDate
 .text.HAL_RTC_WaitForSynchro
                0x00000000080041fc       0x38 build/stm32f1xx_hal_rtc.o
                0x00000000080041fc                HAL_RTC_WaitForSynchro
 .text.HAL_RTC_Init
                0x0000000008004234       0xc4 build/stm32f1xx_hal_rtc.o
                0x0000000008004234                HAL_RTC_Init
 .text.USBD_Init
                0x00000000080042f8       0x2e build/usbd_core.o
                0x00000000080042f8                USBD_Init
 .text.USBD_RegisterClass
                0x0000000008004326        0xe build/usbd_core.o
                0x0000000008004326                USBD_RegisterClass
 .text.USBD_Start
                0x0000000008004334        0xa build/usbd_core.o
                0x0000000008004334                USBD_Start
 .text.USBD_SetClassConfig
                0x000000000800433e       0x1a build/usbd_core.o
                0x000000000800433e                USBD_SetClassConfig
 .text.USBD_ClrClassConfig
                0x0000000008004358        0xe build/usbd_core.o
                0x0000000008004358                USBD_ClrClassConfig
 .text.USBD_LL_SetupStage
                0x0000000008004366       0x5a build/usbd_core.o
                0x0000000008004366                USBD_LL_SetupStage
 .text.USBD_LL_DataOutStage
                0x00000000080043c0       0x94 build/usbd_core.o
                0x00000000080043c0                USBD_LL_DataOutStage
 .text.USBD_LL_DataInStage
                0x0000000008004454       0xd4 build/usbd_core.o
                0x0000000008004454                USBD_LL_DataInStage
 .text.USBD_LL_Reset
                0x0000000008004528       0x50 build/usbd_core.o
                0x0000000008004528                USBD_LL_Reset
 .text.USBD_LL_SetSpeed
                0x0000000008004578        0x6 build/usbd_core.o
                0x0000000008004578                USBD_LL_SetSpeed
 .text.USBD_LL_Suspend
                0x000000000800457e       0x12 build/usbd_core.o
                0x000000000800457e                USBD_LL_Suspend
 .text.USBD_LL_Resume
                0x0000000008004590       0x16 build/usbd_core.o
                0x0000000008004590                USBD_LL_Resume
 .text.USBD_LL_SOF
                0x00000000080045a6       0x1c build/usbd_core.o
                0x00000000080045a6                USBD_LL_SOF
 .text.USBD_GetLen
                0x00000000080045c2       0x14 build/usbd_ctlreq.o
 .text.USBD_SetFeature
                0x00000000080045d6       0x14 build/usbd_ctlreq.o
 .text.USBD_ParseSetupRequest
                0x00000000080045ea       0x28 build/usbd_ctlreq.o
                0x00000000080045ea                USBD_ParseSetupRequest
 .text.USBD_CtlError
                0x0000000008004612       0x14 build/usbd_ctlreq.o
                0x0000000008004612                USBD_CtlError
 .text.USBD_GetDescriptor
                0x0000000008004626      0x1c6 build/usbd_ctlreq.o
 .text.USBD_SetAddress
                0x00000000080047ec       0x4e build/usbd_ctlreq.o
 *fill*         0x000000000800483a        0x2 
 .text.USBD_SetConfig
                0x000000000800483c       0xb0 build/usbd_ctlreq.o
 .text.USBD_GetConfig
                0x00000000080048ec       0x3c build/usbd_ctlreq.o
 .text.USBD_GetStatus
                0x0000000008004928       0x38 build/usbd_ctlreq.o
 .text.USBD_ClrFeature
                0x0000000008004960       0x26 build/usbd_ctlreq.o
 .text.USBD_StdDevReq
                0x0000000008004986       0x68 build/usbd_ctlreq.o
                0x0000000008004986                USBD_StdDevReq
 .text.USBD_StdItfReq
                0x00000000080049ee       0x60 build/usbd_ctlreq.o
                0x00000000080049ee                USBD_StdItfReq
 .text.USBD_StdEPReq
                0x0000000008004a4e      0x20e build/usbd_ctlreq.o
                0x0000000008004a4e                USBD_StdEPReq
 .text.USBD_GetString
                0x0000000008004c5c       0x38 build/usbd_ctlreq.o
                0x0000000008004c5c                USBD_GetString
 .text.USBD_CtlSendData
                0x0000000008004c94       0x1a build/usbd_ioreq.o
                0x0000000008004c94                USBD_CtlSendData
 .text.USBD_CtlContinueSendData
                0x0000000008004cae       0x10 build/usbd_ioreq.o
                0x0000000008004cae                USBD_CtlContinueSendData
 .text.USBD_CtlPrepareRx
                0x0000000008004cbe       0x1e build/usbd_ioreq.o
                0x0000000008004cbe                USBD_CtlPrepareRx
 .text.USBD_CtlContinueRx
                0x0000000008004cdc       0x10 build/usbd_ioreq.o
                0x0000000008004cdc                USBD_CtlContinueRx
 .text.USBD_CtlSendStatus
                0x0000000008004cec       0x16 build/usbd_ioreq.o
                0x0000000008004cec                USBD_CtlSendStatus
 .text.USBD_CtlReceiveStatus
                0x0000000008004d02       0x16 build/usbd_ioreq.o
                0x0000000008004d02                USBD_CtlReceiveStatus
 .text.USBD_CDC_EP0_RxReady
                0x0000000008004d18       0x28 build/usbd_cdc.o
 .text.USBD_CDC_GetFSCfgDesc
                0x0000000008004d40        0xc build/usbd_cdc.o
 .text.USBD_CDC_GetHSCfgDesc
                0x0000000008004d4c        0xc build/usbd_cdc.o
 .text.USBD_CDC_GetOtherSpeedCfgDesc
                0x0000000008004d58        0xc build/usbd_cdc.o
 .text.USBD_CDC_GetDeviceQualifierDescriptor
                0x0000000008004d64        0xc build/usbd_cdc.o
                0x0000000008004d64                USBD_CDC_GetDeviceQualifierDescriptor
 .text.USBD_CDC_DataOut
                0x0000000008004d70       0x2e build/usbd_cdc.o
 .text.USBD_CDC_DataIn
                0x0000000008004d9e       0x4c build/usbd_cdc.o
 .text.USBD_CDC_Setup
                0x0000000008004dea       0xda build/usbd_cdc.o
 .text.USBD_CDC_DeInit
                0x0000000008004ec4       0x42 build/usbd_cdc.o
 .text.USBD_CDC_Init
                0x0000000008004f06       0xaa build/usbd_cdc.o
 .text.USBD_CDC_RegisterInterface
                0x0000000008004fb0        0xe build/usbd_cdc.o
                0x0000000008004fb0                USBD_CDC_RegisterInterface
 .text.USBD_CDC_SetTxBuffer
                0x0000000008004fbe       0x10 build/usbd_cdc.o
                0x0000000008004fbe                USBD_CDC_SetTxBuffer
 .text.USBD_CDC_SetRxBuffer
                0x0000000008004fce        0xc build/usbd_cdc.o
                0x0000000008004fce                USBD_CDC_SetRxBuffer
 .text.USBD_CDC_TransmitPacket
                0x0000000008004fda       0x34 build/usbd_cdc.o
                0x0000000008004fda                USBD_CDC_TransmitPacket
 .text.USBD_CDC_ReceivePacket
                0x000000000800500e       0x32 build/usbd_cdc.o
                0x000000000800500e                USBD_CDC_ReceivePacket
 .text.Reset_Handler
                0x0000000008005040       0x48 build/startup_stm32f103xb.o
                0x0000000008005040                Reset_Handler
 .text.Default_Handler
                0x0000000008005088        0x2 build/startup_stm32f103xb.o
                0x0000000008005088                RTC_Alarm_IRQHandler
                0x0000000008005088                EXTI2_IRQHandler
                0x0000000008005088                TIM1_CC_IRQHandler
                0x0000000008005088                PVD_IRQHandler
                0x0000000008005088                EXTI3_IRQHandler
                0x0000000008005088                EXTI0_IRQHandler
                0x0000000008005088                I2C2_EV_IRQHandler
                0x0000000008005088                ADC1_2_IRQHandler
                0x0000000008005088                SPI1_IRQHandler
                0x0000000008005088                TAMPER_IRQHandler
                0x0000000008005088                DMA1_Channel4_IRQHandler
                0x0000000008005088                USART3_IRQHandler
                0x0000000008005088                RTC_IRQHandler
                0x0000000008005088                DMA1_Channel7_IRQHandler
                0x0000000008005088                CAN1_RX1_IRQHandler
                0x0000000008005088                TIM4_IRQHandler
                0x0000000008005088                I2C1_EV_IRQHandler
                0x0000000008005088                DMA1_Channel6_IRQHandler
                0x0000000008005088                TIM3_IRQHandler
                0x0000000008005088                RCC_IRQHandler
                0x0000000008005088                TIM1_TRG_COM_IRQHandler
                0x0000000008005088                DMA1_Channel1_IRQHandler
                0x0000000008005088                Default_Handler
                0x0000000008005088                EXTI15_10_IRQHandler
                0x0000000008005088                EXTI9_5_IRQHandler
                0x0000000008005088                SPI2_IRQHandler
                0x0000000008005088                DMA1_Channel5_IRQHandler
                0x0000000008005088                EXTI4_IRQHandler
                0x0000000008005088                USB_HP_CAN1_TX_IRQHandler
                0x0000000008005088                DMA1_Channel3_IRQHandler
                0x0000000008005088                TIM1_UP_IRQHandler
                0x0000000008005088                WWDG_IRQHandler
                0x0000000008005088                TIM2_IRQHandler
                0x0000000008005088                TIM1_BRK_IRQHandler
                0x0000000008005088                EXTI1_IRQHandler
                0x0000000008005088                USART2_IRQHandler
                0x0000000008005088                I2C2_ER_IRQHandler
                0x0000000008005088                DMA1_Channel2_IRQHandler
                0x0000000008005088                CAN1_SCE_IRQHandler
                0x0000000008005088                FLASH_IRQHandler
                0x0000000008005088                USART1_IRQHandler
                0x0000000008005088                I2C1_ER_IRQHandler
                0x0000000008005088                USBWakeUp_IRQHandler
 *(.glue_7)
 .glue_7        0x000000000800508a        0x0 linker stubs
 *(.glue_7t)
 .glue_7t       0x000000000800508a        0x0 linker stubs
 *(.eh_frame)
 *fill*         0x000000000800508a        0x2 
 .eh_frame      0x000000000800508c        0x0 /usr/lib/gcc/arm-none-eabi/6.3.1/thumb/v7-m/crtbegin.o
 *(.init)
 .init          0x000000000800508c        0x4 /usr/lib/gcc/arm-none-eabi/6.3.1/thumb/v7-m/crti.o
                0x000000000800508c                _init
 .init          0x0000000008005090        0x8 /usr/lib/gcc/arm-none-eabi/6.3.1/thumb/v7-m/crtn.o
 *(.fini)
 .fini          0x0000000008005098        0x4 /usr/lib/gcc/arm-none-eabi/6.3.1/thumb/v7-m/crti.o
                0x0000000008005098                _fini
 .fini          0x000000000800509c        0x8 /usr/lib/gcc/arm-none-eabi/6.3.1/thumb/v7-m/crtn.o
                0x00000000080050a4                . = ALIGN (0x4)
                0x00000000080050a4                _etext = .

.vfp11_veneer   0x00000000080050a4        0x0
 .vfp11_veneer  0x00000000080050a4        0x0 linker stubs

.v4_bx          0x00000000080050a4        0x0
 .v4_bx         0x00000000080050a4        0x0 linker stubs

.iplt           0x00000000080050a4        0x0
 .iplt          0x00000000080050a4        0x0 /usr/lib/gcc/arm-none-eabi/6.3.1/thumb/v7-m/crtbegin.o

.rodata         0x00000000080050a4       0xe8
                0x00000000080050a4                . = ALIGN (0x4)
 *(.rodata)
 .rodata        0x00000000080050a4       0x12 build/stm32f1xx_hal_rcc.o
 *fill*         0x00000000080050b6        0x2 
 .rodata        0x00000000080050b8       0x12 build/stm32f1xx_hal_rcc_ex.o
 *(.rodata*)
 *fill*         0x00000000080050ca        0x2 
 .rodata.main.str1.4
                0x00000000080050cc       0x1e build/main.o
 *fill*         0x00000000080050ea        0x2 
 .rodata.AHBPrescTable
                0x00000000080050ec       0x10 build/system_stm32f1xx.o
                0x00000000080050ec                AHBPrescTable
 .rodata.APBPrescTable
                0x00000000080050fc        0x8 build/system_stm32f1xx.o
                0x00000000080050fc                APBPrescTable
 .rodata.USBD_FS_ConfigStrDescriptor.str1.4
                0x0000000008005104        0xb build/usbd_desc.o
 *fill*         0x000000000800510f        0x1 
 .rodata.USBD_FS_InterfaceStrDescriptor.str1.4
                0x0000000008005110        0xe build/usbd_desc.o
 *fill*         0x000000000800511e        0x2 
 .rodata.USBD_FS_ManufacturerStrDescriptor.str1.4
                0x0000000008005120       0x13 build/usbd_desc.o
 *fill*         0x0000000008005133        0x1 
 .rodata.USBD_FS_ProductStrDescriptor.str1.4
                0x0000000008005134       0x16 build/usbd_desc.o
 *fill*         0x000000000800514a        0x2 
 .rodata.str1.4
                0x000000000800514c        0x2 /usr/lib/gcc/arm-none-eabi/6.3.1/../../../arm-none-eabi/lib/thumb/v7-m/libc_nano.a(lib_a-impure.o)
 *fill*         0x000000000800514e        0x2 
 .rodata.str1.4
                0x0000000008005150       0x13 /usr/lib/gcc/arm-none-eabi/6.3.1/../../../arm-none-eabi/lib/thumb/v7-m/libc_nano.a(lib_a-nano-svfprintf.o)
 *fill*         0x0000000008005163        0x1 
 .rodata.str1.4
                0x0000000008005164       0x28 /usr/lib/gcc/arm-none-eabi/6.3.1/../../../arm-none-eabi/lib/thumb/v7-m/libc_nano.a(lib_a-nano-vfprintf_i.o)
                                         0x25 (size before relaxing)
                0x000000000800518c                . = ALIGN (0x4)

.rel.dyn        0x000000000800518c        0x0
 .rel.iplt      0x000000000800518c        0x0 /usr/lib/gcc/arm-none-eabi/6.3.1/thumb/v7-m/crtbegin.o

.ARM.extab
 *(.ARM.extab* .gnu.linkonce.armextab.*)

.ARM            0x000000000800518c        0x0
                0x000000000800518c                __exidx_start = .
 *(.ARM.exidx*)
                0x000000000800518c                __exidx_end = .

.preinit_array  0x000000000800518c        0x0
                0x000000000800518c                PROVIDE (__preinit_array_start, .)
 *(.preinit_array*)
                0x000000000800518c                PROVIDE (__preinit_array_end, .)

.init_array     0x000000000800518c        0x4
                0x000000000800518c                PROVIDE (__init_array_start, .)
 *(SORT(.init_array.*))
 *(.init_array*)
 .init_array    0x000000000800518c        0x4 /usr/lib/gcc/arm-none-eabi/6.3.1/thumb/v7-m/crtbegin.o
                0x0000000008005190                PROVIDE (__init_array_end, .)

.fini_array     0x0000000008005190        0x4
                0x0000000008005190                PROVIDE (__fini_array_start, .)
 *(SORT(.fini_array.*))
 *(.fini_array*)
 .fini_array    0x0000000008005190        0x4 /usr/lib/gcc/arm-none-eabi/6.3.1/thumb/v7-m/crtbegin.o
                0x0000000008005194                PROVIDE (__fini_array_end, .)
                0x0000000008005194                _sidata = LOADADDR (.data)

.data           0x0000000020000000      0x1e0 load address 0x0000000008005194
                0x0000000020000000                . = ALIGN (0x4)
                0x0000000020000000                _sdata = .
 *(.data)
 .data          0x0000000020000000       0x64 /usr/lib/gcc/arm-none-eabi/6.3.1/../../../arm-none-eabi/lib/thumb/v7-m/libc_nano.a(lib_a-impure.o)
                0x0000000020000000                _impure_ptr
 *(.data*)
 .data.uwTickFreq
                0x0000000020000064        0x1 build/stm32f1xx_hal.o
                0x0000000020000064                uwTickFreq
 *fill*         0x0000000020000065        0x3 
 .data.uwTickPrio
                0x0000000020000068        0x4 build/stm32f1xx_hal.o
                0x0000000020000068                uwTickPrio
 .data.SystemCoreClock
                0x000000002000006c        0x4 build/system_stm32f1xx.o
                0x000000002000006c                SystemCoreClock
 .data.FS_Desc  0x0000000020000070       0x1c build/usbd_desc.o
                0x0000000020000070                FS_Desc
 .data.USBD_FS_DeviceDesc
                0x000000002000008c       0x12 build/usbd_desc.o
                0x000000002000008c                USBD_FS_DeviceDesc
 *fill*         0x000000002000009e        0x2 
 .data.USBD_LangIDDesc
                0x00000000200000a0        0x4 build/usbd_desc.o
                0x00000000200000a0                USBD_LangIDDesc
 .data.USBD_StringSerial
                0x00000000200000a4       0x1a build/usbd_desc.o
                0x00000000200000a4                USBD_StringSerial
 *fill*         0x00000000200000be        0x2 
 .data.USBD_Interface_fops_FS
                0x00000000200000c0       0x10 build/usbd_cdc_if.o
                0x00000000200000c0                USBD_Interface_fops_FS
 .data.USBD_CDC
                0x00000000200000d0       0x38 build/usbd_cdc.o
                0x00000000200000d0                USBD_CDC
 .data.USBD_CDC_CfgFSDesc
                0x0000000020000108       0x43 build/usbd_cdc.o
                0x0000000020000108                USBD_CDC_CfgFSDesc
 *fill*         0x000000002000014b        0x1 
 .data.USBD_CDC_CfgHSDesc
                0x000000002000014c       0x43 build/usbd_cdc.o
                0x000000002000014c                USBD_CDC_CfgHSDesc
 *fill*         0x000000002000018f        0x1 
 .data.USBD_CDC_DeviceQualifierDesc
                0x0000000020000190        0xa build/usbd_cdc.o
 *fill*         0x000000002000019a        0x2 
 .data.USBD_CDC_OtherSpeedCfgDesc
                0x000000002000019c       0x43 build/usbd_cdc.o
                0x000000002000019c                USBD_CDC_OtherSpeedCfgDesc
                0x00000000200001e0                . = ALIGN (0x4)
 *fill*         0x00000000200001df        0x1 
                0x00000000200001e0                _edata = .

.jcr            0x00000000200001e0        0x0 load address 0x0000000008005374
 .jcr           0x00000000200001e0        0x0 /usr/lib/gcc/arm-none-eabi/6.3.1/thumb/v7-m/crtbegin.o

.tm_clone_table
                0x00000000200001e0        0x0 load address 0x0000000008005374
 .tm_clone_table
                0x00000000200001e0        0x0 /usr/lib/gcc/arm-none-eabi/6.3.1/thumb/v7-m/crtbegin.o
 .tm_clone_table
                0x00000000200001e0        0x0 /usr/lib/gcc/arm-none-eabi/6.3.1/thumb/v7-m/crtend.o

.igot.plt       0x00000000200001e0        0x0 load address 0x0000000008005374
 .igot.plt      0x00000000200001e0        0x0 /usr/lib/gcc/arm-none-eabi/6.3.1/thumb/v7-m/crtbegin.o
                0x00000000200001e0                . = ALIGN (0x4)

.bss            0x00000000200001e0     0x11d8 load address 0x0000000008005374
                0x00000000200001e0                _sbss = .
                0x00000000200001e0                __bss_start__ = _sbss
 *(.bss)
 .bss           0x00000000200001e0       0x1c /usr/lib/gcc/arm-none-eabi/6.3.1/thumb/v7-m/crtbegin.o
 .bss           0x00000000200001fc        0x8 /usr/lib/gcc/arm-none-eabi/6.3.1/../../../arm-none-eabi/lib/thumb/v7-m/libc_nano.a(lib_a-nano-mallocr.o)
                0x00000000200001fc                __malloc_free_list
                0x0000000020000200                __malloc_sbrk_start
 .bss           0x0000000020000204        0x4 /usr/lib/gcc/arm-none-eabi/6.3.1/../../../arm-none-eabi/lib/thumb/v7-m/libnosys.a(sbrk.o)
 *(.bss*)
 .bss.mem.8373  0x0000000020000208      0x220 build/usbd_conf.o
 .bss.cfgidx.8308
                0x0000000020000428        0x1 build/usbd_ctlreq.o
 *(COMMON)
 *fill*         0x0000000020000429        0x3 
 COMMON         0x000000002000042c        0x4 build/stm32f1xx_hal.o
                0x000000002000042c                uwTick
 COMMON         0x0000000020000430       0x30 build/adc.o
                0x0000000020000430                hadc2
 COMMON         0x0000000020000460       0x14 build/rtc.o
                0x0000000020000460                hrtc
 COMMON         0x0000000020000474       0x40 build/tim.o
                0x0000000020000474                htim1
 COMMON         0x00000000200004b4      0x2c4 build/usb_device.o
                0x00000000200004b4                hUsbDeviceFS
 COMMON         0x0000000020000778      0x200 build/usbd_desc.o
                0x0000000020000778                USBD_StrDesc
 COMMON         0x0000000020000978      0x7d0 build/usbd_cdc_if.o
                0x0000000020000978                UserRxBufferFS
                0x0000000020000d60                UserTxBufferFS
 COMMON         0x0000000020001148      0x26c build/usbd_conf.o
                0x0000000020001148                hpcd_USB_FS
 COMMON         0x00000000200013b4        0x4 /usr/lib/gcc/arm-none-eabi/6.3.1/../../../arm-none-eabi/lib/thumb/v7-m/libc_nano.a(lib_a-reent.o)
                0x00000000200013b4                errno
                0x00000000200013b8                . = ALIGN (0x4)
                0x00000000200013b8                _ebss = .
                0x00000000200013b8                __bss_end__ = _ebss

._user_heap_stack
                0x00000000200013b8      0x600 load address 0x0000000008005374
                0x00000000200013b8                . = ALIGN (0x8)
                0x00000000200013b8                PROVIDE (end, .)
                [!provide]                        PROVIDE (_end, .)
                0x00000000200015b8                . = (. + _Min_Heap_Size)
 *fill*         0x00000000200013b8      0x200 
                0x00000000200019b8                . = (. + _Min_Stack_Size)
 *fill*         0x00000000200015b8      0x400 
                0x00000000200019b8                . = ALIGN (0x8)

/DISCARD/
 libc.a(*)
 libm.a(*)
 libgcc.a(*)

.ARM.attributes
                0x0000000000000000       0x29
 *(.ARM.attributes)
 .ARM.attributes
                0x0000000000000000       0x1d /usr/lib/gcc/arm-none-eabi/6.3.1/thumb/v7-m/crti.o
 .ARM.attributes
                0x000000000000001d       0x2d /usr/lib/gcc/arm-none-eabi/6.3.1/thumb/v7-m/crtbegin.o
 .ARM.attributes
                0x000000000000004a       0x33 build/main.o
 .ARM.attributes
                0x000000000000007d       0x33 build/gpio.o
 .ARM.attributes
                0x00000000000000b0       0x33 build/stm32f1xx_it.o
 .ARM.attributes
                0x00000000000000e3       0x33 build/stm32f1xx_hal_msp.o
 .ARM.attributes
                0x0000000000000116       0x33 build/stm32f1xx_hal_tim.o
 .ARM.attributes
                0x0000000000000149       0x33 build/stm32f1xx_hal_tim_ex.o
 .ARM.attributes
                0x000000000000017c       0x33 build/stm32f1xx_hal.o
 .ARM.attributes
                0x00000000000001af       0x33 build/stm32f1xx_hal_rcc.o
 .ARM.attributes
                0x00000000000001e2       0x33 build/stm32f1xx_hal_rcc_ex.o
 .ARM.attributes
                0x0000000000000215       0x33 build/stm32f1xx_hal_gpio.o
 .ARM.attributes
                0x0000000000000248       0x33 build/stm32f1xx_hal_cortex.o
 .ARM.attributes
                0x000000000000027b       0x33 build/stm32f1xx_hal_pwr.o
 .ARM.attributes
                0x00000000000002ae       0x33 build/system_stm32f1xx.o
 .ARM.attributes
                0x00000000000002e1       0x33 build/adc.o
 .ARM.attributes
                0x0000000000000314       0x33 build/rtc.o
 .ARM.attributes
                0x0000000000000347       0x33 build/tim.o
 .ARM.attributes
                0x000000000000037a       0x33 build/usb_device.o
 .ARM.attributes
                0x00000000000003ad       0x33 build/usbd_desc.o
 .ARM.attributes
                0x00000000000003e0       0x33 build/usbd_cdc_if.o
 .ARM.attributes
                0x0000000000000413       0x33 build/usbd_conf.o
 .ARM.attributes
                0x0000000000000446       0x33 build/stm32f1xx_hal_pcd.o
 .ARM.attributes
                0x0000000000000479       0x33 build/stm32f1xx_hal_pcd_ex.o
 .ARM.attributes
                0x00000000000004ac       0x33 build/stm32f1xx_ll_usb.o
 .ARM.attributes
                0x00000000000004df       0x33 build/stm32f1xx_hal_adc.o
 .ARM.attributes
                0x0000000000000512       0x33 build/stm32f1xx_hal_rtc.o
 .ARM.attributes
                0x0000000000000545       0x33 build/usbd_core.o
 .ARM.attributes
                0x0000000000000578       0x33 build/usbd_ctlreq.o
 .ARM.attributes
                0x00000000000005ab       0x33 build/usbd_ioreq.o
 .ARM.attributes
                0x00000000000005de       0x33 build/usbd_cdc.o
 .ARM.attributes
                0x0000000000000611       0x21 build/startup_stm32f103xb.o
 .ARM.attributes
                0x0000000000000632       0x2d /usr/lib/gcc/arm-none-eabi/6.3.1/../../../arm-none-eabi/lib/thumb/v7-m/libc_nano.a(lib_a-impure.o)
 .ARM.attributes
                0x000000000000065f       0x2d /usr/lib/gcc/arm-none-eabi/6.3.1/../../../arm-none-eabi/lib/thumb/v7-m/libc_nano.a(lib_a-init.o)
 .ARM.attributes
                0x000000000000068c       0x2d /usr/lib/gcc/arm-none-eabi/6.3.1/../../../arm-none-eabi/lib/thumb/v7-m/libc_nano.a(lib_a-memset.o)
 .ARM.attributes
                0x00000000000006b9       0x2d /usr/lib/gcc/arm-none-eabi/6.3.1/../../../arm-none-eabi/lib/thumb/v7-m/libc_nano.a(lib_a-sprintf.o)
 .ARM.attributes
                0x00000000000006e6       0x2d /usr/lib/gcc/arm-none-eabi/6.3.1/../../../arm-none-eabi/lib/thumb/v7-m/libc_nano.a(lib_a-strlen-stub.o)
 .ARM.attributes
                0x0000000000000713       0x2d /usr/lib/gcc/arm-none-eabi/6.3.1/../../../arm-none-eabi/lib/thumb/v7-m/libc_nano.a(lib_a-nano-svfprintf.o)
 .ARM.attributes
                0x0000000000000740       0x2d /usr/lib/gcc/arm-none-eabi/6.3.1/../../../arm-none-eabi/lib/thumb/v7-m/libc_nano.a(lib_a-nano-vfprintf_i.o)
 .ARM.attributes
                0x000000000000076d       0x2d /usr/lib/gcc/arm-none-eabi/6.3.1/../../../arm-none-eabi/lib/thumb/v7-m/libc_nano.a(lib_a-memchr-stub.o)
 .ARM.attributes
                0x000000000000079a       0x1b /usr/lib/gcc/arm-none-eabi/6.3.1/../../../arm-none-eabi/lib/thumb/v7-m/libc_nano.a(lib_a-memcpy.o)
 .ARM.attributes
                0x00000000000007b5       0x2d /usr/lib/gcc/arm-none-eabi/6.3.1/../../../arm-none-eabi/lib/thumb/v7-m/libc_nano.a(lib_a-memmove.o)
 .ARM.attributes
                0x00000000000007e2       0x2d /usr/lib/gcc/arm-none-eabi/6.3.1/../../../arm-none-eabi/lib/thumb/v7-m/libc_nano.a(lib_a-nano-freer.o)
 .ARM.attributes
                0x000000000000080f       0x2d /usr/lib/gcc/arm-none-eabi/6.3.1/../../../arm-none-eabi/lib/thumb/v7-m/libc_nano.a(lib_a-nano-mallocr.o)
 .ARM.attributes
                0x000000000000083c       0x2d /usr/lib/gcc/arm-none-eabi/6.3.1/../../../arm-none-eabi/lib/thumb/v7-m/libc_nano.a(lib_a-nano-reallocr.o)
 .ARM.attributes
                0x0000000000000869       0x2d /usr/lib/gcc/arm-none-eabi/6.3.1/../../../arm-none-eabi/lib/thumb/v7-m/libc_nano.a(lib_a-sbrkr.o)
 .ARM.attributes
                0x0000000000000896       0x2d /usr/lib/gcc/arm-none-eabi/6.3.1/../../../arm-none-eabi/lib/thumb/v7-m/libc_nano.a(lib_a-nano-msizer.o)
 .ARM.attributes
                0x00000000000008c3       0x2d /usr/lib/gcc/arm-none-eabi/6.3.1/../../../arm-none-eabi/lib/thumb/v7-m/libc_nano.a(lib_a-reent.o)
 .ARM.attributes
                0x00000000000008f0       0x2d /usr/lib/gcc/arm-none-eabi/6.3.1/../../../arm-none-eabi/lib/thumb/v7-m/libnosys.a(sbrk.o)
 .ARM.attributes
                0x000000000000091d       0x2d /usr/lib/gcc/arm-none-eabi/6.3.1/thumb/v7-m/crtend.o
 .ARM.attributes
                0x000000000000094a       0x1d /usr/lib/gcc/arm-none-eabi/6.3.1/thumb/v7-m/crtn.o
OUTPUT(build/stm32_test.elf elf32-littlearm)

.comment        0x0000000000000000       0x31
 .comment       0x0000000000000000       0x31 /usr/lib/gcc/arm-none-eabi/6.3.1/thumb/v7-m/crtbegin.o
                                         0x32 (size before relaxing)
 .comment       0x0000000000000031       0x32 build/main.o
 .comment       0x0000000000000031       0x32 build/gpio.o
 .comment       0x0000000000000031       0x32 build/stm32f1xx_it.o
 .comment       0x0000000000000031       0x32 build/stm32f1xx_hal_msp.o
 .comment       0x0000000000000031       0x32 build/stm32f1xx_hal_tim.o
 .comment       0x0000000000000031       0x32 build/stm32f1xx_hal_tim_ex.o
 .comment       0x0000000000000031       0x32 build/stm32f1xx_hal.o
 .comment       0x0000000000000031       0x32 build/stm32f1xx_hal_rcc.o
 .comment       0x0000000000000031       0x32 build/stm32f1xx_hal_rcc_ex.o
 .comment       0x0000000000000031       0x32 build/stm32f1xx_hal_gpio.o
 .comment       0x0000000000000031       0x32 build/stm32f1xx_hal_cortex.o
 .comment       0x0000000000000031       0x32 build/stm32f1xx_hal_pwr.o
 .comment       0x0000000000000031       0x32 build/system_stm32f1xx.o
 .comment       0x0000000000000031       0x32 build/adc.o
 .comment       0x0000000000000031       0x32 build/rtc.o
 .comment       0x0000000000000031       0x32 build/tim.o
 .comment       0x0000000000000031       0x32 build/usb_device.o
 .comment       0x0000000000000031       0x32 build/usbd_desc.o
 .comment       0x0000000000000031       0x32 build/usbd_cdc_if.o
 .comment       0x0000000000000031       0x32 build/usbd_conf.o
 .comment       0x0000000000000031       0x32 build/stm32f1xx_hal_pcd.o
 .comment       0x0000000000000031       0x32 build/stm32f1xx_hal_pcd_ex.o
 .comment       0x0000000000000031       0x32 build/stm32f1xx_ll_usb.o
 .comment       0x0000000000000031       0x32 build/stm32f1xx_hal_adc.o
 .comment       0x0000000000000031       0x32 build/stm32f1xx_hal_rtc.o
 .comment       0x0000000000000031       0x32 build/usbd_core.o
 .comment       0x0000000000000031       0x32 build/usbd_ctlreq.o
 .comment       0x0000000000000031       0x32 build/usbd_ioreq.o
 .comment       0x0000000000000031       0x32 build/usbd_cdc.o
 .comment       0x0000000000000031       0x32 /usr/lib/gcc/arm-none-eabi/6.3.1/../../../arm-none-eabi/lib/thumb/v7-m/libc_nano.a(lib_a-impure.o)
 .comment       0x0000000000000031       0x32 /usr/lib/gcc/arm-none-eabi/6.3.1/../../../arm-none-eabi/lib/thumb/v7-m/libc_nano.a(lib_a-init.o)
 .comment       0x0000000000000031       0x32 /usr/lib/gcc/arm-none-eabi/6.3.1/../../../arm-none-eabi/lib/thumb/v7-m/libc_nano.a(lib_a-memset.o)
 .comment       0x0000000000000031       0x32 /usr/lib/gcc/arm-none-eabi/6.3.1/../../../arm-none-eabi/lib/thumb/v7-m/libc_nano.a(lib_a-sprintf.o)
 .comment       0x0000000000000031       0x32 /usr/lib/gcc/arm-none-eabi/6.3.1/../../../arm-none-eabi/lib/thumb/v7-m/libc_nano.a(lib_a-strlen-stub.o)
 .comment       0x0000000000000031       0x32 /usr/lib/gcc/arm-none-eabi/6.3.1/../../../arm-none-eabi/lib/thumb/v7-m/libc_nano.a(lib_a-nano-svfprintf.o)
 .comment       0x0000000000000031       0x32 /usr/lib/gcc/arm-none-eabi/6.3.1/../../../arm-none-eabi/lib/thumb/v7-m/libc_nano.a(lib_a-nano-vfprintf_i.o)
 .comment       0x0000000000000031       0x32 /usr/lib/gcc/arm-none-eabi/6.3.1/../../../arm-none-eabi/lib/thumb/v7-m/libc_nano.a(lib_a-memchr-stub.o)
 .comment       0x0000000000000031       0x32 /usr/lib/gcc/arm-none-eabi/6.3.1/../../../arm-none-eabi/lib/thumb/v7-m/libc_nano.a(lib_a-memmove.o)
 .comment       0x0000000000000031       0x32 /usr/lib/gcc/arm-none-eabi/6.3.1/../../../arm-none-eabi/lib/thumb/v7-m/libc_nano.a(lib_a-nano-freer.o)
 .comment       0x0000000000000031       0x32 /usr/lib/gcc/arm-none-eabi/6.3.1/../../../arm-none-eabi/lib/thumb/v7-m/libc_nano.a(lib_a-nano-mallocr.o)
 .comment       0x0000000000000031       0x32 /usr/lib/gcc/arm-none-eabi/6.3.1/../../../arm-none-eabi/lib/thumb/v7-m/libc_nano.a(lib_a-nano-reallocr.o)
 .comment       0x0000000000000031       0x32 /usr/lib/gcc/arm-none-eabi/6.3.1/../../../arm-none-eabi/lib/thumb/v7-m/libc_nano.a(lib_a-sbrkr.o)
 .comment       0x0000000000000031       0x32 /usr/lib/gcc/arm-none-eabi/6.3.1/../../../arm-none-eabi/lib/thumb/v7-m/libc_nano.a(lib_a-nano-msizer.o)
 .comment       0x0000000000000031       0x32 /usr/lib/gcc/arm-none-eabi/6.3.1/../../../arm-none-eabi/lib/thumb/v7-m/libc_nano.a(lib_a-reent.o)
 .comment       0x0000000000000031       0x32 /usr/lib/gcc/arm-none-eabi/6.3.1/../../../arm-none-eabi/lib/thumb/v7-m/libnosys.a(sbrk.o)
 .comment       0x0000000000000031       0x32 /usr/lib/gcc/arm-none-eabi/6.3.1/thumb/v7-m/crtend.o

.debug_info     0x0000000000000000    0x270bb
 .debug_info    0x0000000000000000     0x1ed9 build/main.o
 .debug_info    0x0000000000001ed9      0x3eb build/gpio.o
 .debug_info    0x00000000000022c4      0x76c build/stm32f1xx_it.o
 .debug_info    0x0000000000002a30      0x2ff build/stm32f1xx_hal_msp.o
 .debug_info    0x0000000000002d2f     0x346b build/stm32f1xx_hal_tim.o
 .debug_info    0x000000000000619a     0x1609 build/stm32f1xx_hal_tim_ex.o
 .debug_info    0x00000000000077a3      0x85b build/stm32f1xx_hal.o
 .debug_info    0x0000000000007ffe      0xa9d build/stm32f1xx_hal_rcc.o
 .debug_info    0x0000000000008a9b      0x4cd build/stm32f1xx_hal_rcc_ex.o
 .debug_info    0x0000000000008f68      0x704 build/stm32f1xx_hal_gpio.o
 .debug_info    0x000000000000966c      0xd5a build/stm32f1xx_hal_cortex.o
 .debug_info    0x000000000000a3c6      0x7a1 build/stm32f1xx_hal_pwr.o
 .debug_info    0x000000000000ab67      0x48e build/system_stm32f1xx.o
 .debug_info    0x000000000000aff5      0x976 build/adc.o
 .debug_info    0x000000000000b96b      0x60e build/rtc.o
 .debug_info    0x000000000000bf79      0xab5 build/tim.o
 .debug_info    0x000000000000ca2e     0x10a4 build/usb_device.o
 .debug_info    0x000000000000dad2      0xf6e build/usbd_desc.o
 .debug_info    0x000000000000ea40     0x1289 build/usbd_cdc_if.o
 .debug_info    0x000000000000fcc9     0x24ab build/usbd_conf.o
 .debug_info    0x0000000000012174     0x142d build/stm32f1xx_hal_pcd.o
 .debug_info    0x00000000000135a1      0x7f3 build/stm32f1xx_hal_pcd_ex.o
 .debug_info    0x0000000000013d94     0x16b0 build/stm32f1xx_ll_usb.o
 .debug_info    0x0000000000015444      0xf6b build/stm32f1xx_hal_adc.o
 .debug_info    0x00000000000163af     0x12a6 build/stm32f1xx_hal_rtc.o
 .debug_info    0x0000000000017655     0x16fe build/usbd_core.o
 .debug_info    0x0000000000018d53     0x1a15 build/usbd_ctlreq.o
 .debug_info    0x000000000001a768     0x119d build/usbd_ioreq.o
 .debug_info    0x000000000001b905     0x1d22 build/usbd_cdc.o
 .debug_info    0x000000000001d627       0x57 build/startup_stm32f103xb.o
 .debug_info    0x000000000001d67e      0x8a0 /usr/lib/gcc/arm-none-eabi/6.3.1/../../../arm-none-eabi/lib/thumb/v7-m/libc_nano.a(lib_a-impure.o)
 .debug_info    0x000000000001df1e      0x110 /usr/lib/gcc/arm-none-eabi/6.3.1/../../../arm-none-eabi/lib/thumb/v7-m/libc_nano.a(lib_a-init.o)
 .debug_info    0x000000000001e02e      0x916 /usr/lib/gcc/arm-none-eabi/6.3.1/../../../arm-none-eabi/lib/thumb/v7-m/libc_nano.a(lib_a-memset.o)
 .debug_info    0x000000000001e944      0xbcb /usr/lib/gcc/arm-none-eabi/6.3.1/../../../arm-none-eabi/lib/thumb/v7-m/libc_nano.a(lib_a-sprintf.o)
 .debug_info    0x000000000001f50f      0x8b1 /usr/lib/gcc/arm-none-eabi/6.3.1/../../../arm-none-eabi/lib/thumb/v7-m/libc_nano.a(lib_a-strlen-stub.o)
 .debug_info    0x000000000001fdc0     0x11b2 /usr/lib/gcc/arm-none-eabi/6.3.1/../../../arm-none-eabi/lib/thumb/v7-m/libc_nano.a(lib_a-nano-svfprintf.o)
 .debug_info    0x0000000000020f72      0xfb4 /usr/lib/gcc/arm-none-eabi/6.3.1/../../../arm-none-eabi/lib/thumb/v7-m/libc_nano.a(lib_a-nano-vfprintf_i.o)
 .debug_info    0x0000000000021f26      0x930 /usr/lib/gcc/arm-none-eabi/6.3.1/../../../arm-none-eabi/lib/thumb/v7-m/libc_nano.a(lib_a-memchr-stub.o)
 .debug_info    0x0000000000022856       0xcd /usr/lib/gcc/arm-none-eabi/6.3.1/../../../arm-none-eabi/lib/thumb/v7-m/libc_nano.a(lib_a-memcpy.o)
 .debug_info    0x0000000000022923      0x925 /usr/lib/gcc/arm-none-eabi/6.3.1/../../../arm-none-eabi/lib/thumb/v7-m/libc_nano.a(lib_a-memmove.o)
 .debug_info    0x0000000000023248      0xa51 /usr/lib/gcc/arm-none-eabi/6.3.1/../../../arm-none-eabi/lib/thumb/v7-m/libc_nano.a(lib_a-nano-freer.o)
 .debug_info    0x0000000000023c99      0xb1f /usr/lib/gcc/arm-none-eabi/6.3.1/../../../arm-none-eabi/lib/thumb/v7-m/libc_nano.a(lib_a-nano-mallocr.o)
 .debug_info    0x00000000000247b8      0xac0 /usr/lib/gcc/arm-none-eabi/6.3.1/../../../arm-none-eabi/lib/thumb/v7-m/libc_nano.a(lib_a-nano-reallocr.o)
 .debug_info    0x0000000000025278      0x955 /usr/lib/gcc/arm-none-eabi/6.3.1/../../../arm-none-eabi/lib/thumb/v7-m/libc_nano.a(lib_a-sbrkr.o)
 .debug_info    0x0000000000025bcd      0x9f7 /usr/lib/gcc/arm-none-eabi/6.3.1/../../../arm-none-eabi/lib/thumb/v7-m/libc_nano.a(lib_a-nano-msizer.o)
 .debug_info    0x00000000000265c4      0xa67 /usr/lib/gcc/arm-none-eabi/6.3.1/../../../arm-none-eabi/lib/thumb/v7-m/libc_nano.a(lib_a-reent.o)
 .debug_info    0x000000000002702b       0x90 /usr/lib/gcc/arm-none-eabi/6.3.1/../../../arm-none-eabi/lib/thumb/v7-m/libnosys.a(sbrk.o)

.debug_abbrev   0x0000000000000000     0x5c8b
 .debug_abbrev  0x0000000000000000      0x2ad build/main.o
 .debug_abbrev  0x00000000000002ad      0x160 build/gpio.o
 .debug_abbrev  0x000000000000040d      0x162 build/stm32f1xx_it.o
 .debug_abbrev  0x000000000000056f      0x106 build/stm32f1xx_hal_msp.o
 .debug_abbrev  0x0000000000000675      0x282 build/stm32f1xx_hal_tim.o
 .debug_abbrev  0x00000000000008f7      0x269 build/stm32f1xx_hal_tim_ex.o
 .debug_abbrev  0x0000000000000b60      0x1fc build/stm32f1xx_hal.o
 .debug_abbrev  0x0000000000000d5c      0x270 build/stm32f1xx_hal_rcc.o
 .debug_abbrev  0x0000000000000fcc      0x1c7 build/stm32f1xx_hal_rcc_ex.o
 .debug_abbrev  0x0000000000001193      0x211 build/stm32f1xx_hal_gpio.o
 .debug_abbrev  0x00000000000013a4      0x316 build/stm32f1xx_hal_cortex.o
 .debug_abbrev  0x00000000000016ba      0x1ef build/stm32f1xx_hal_pwr.o
 .debug_abbrev  0x00000000000018a9      0x131 build/system_stm32f1xx.o
 .debug_abbrev  0x00000000000019da      0x1c8 build/adc.o
 .debug_abbrev  0x0000000000001ba2      0x1b1 build/rtc.o
 .debug_abbrev  0x0000000000001d53      0x1e5 build/tim.o
 .debug_abbrev  0x0000000000001f38      0x1f3 build/usb_device.o
 .debug_abbrev  0x000000000000212b      0x2d5 build/usbd_desc.o
 .debug_abbrev  0x0000000000002400      0x2ba build/usbd_cdc_if.o
 .debug_abbrev  0x00000000000026ba      0x344 build/usbd_conf.o
 .debug_abbrev  0x00000000000029fe      0x2af build/stm32f1xx_hal_pcd.o
 .debug_abbrev  0x0000000000002cad      0x185 build/stm32f1xx_hal_pcd_ex.o
 .debug_abbrev  0x0000000000002e32      0x26f build/stm32f1xx_ll_usb.o
 .debug_abbrev  0x00000000000030a1      0x231 build/stm32f1xx_hal_adc.o
 .debug_abbrev  0x00000000000032d2      0x24c build/stm32f1xx_hal_rtc.o
 .debug_abbrev  0x000000000000351e      0x2d7 build/usbd_core.o
 .debug_abbrev  0x00000000000037f5      0x31a build/usbd_ctlreq.o
 .debug_abbrev  0x0000000000003b0f      0x1ec build/usbd_ioreq.o
 .debug_abbrev  0x0000000000003cfb      0x330 build/usbd_cdc.o
 .debug_abbrev  0x000000000000402b       0x12 build/startup_stm32f103xb.o
 .debug_abbrev  0x000000000000403d      0x153 /usr/lib/gcc/arm-none-eabi/6.3.1/../../../arm-none-eabi/lib/thumb/v7-m/libc_nano.a(lib_a-impure.o)
 .debug_abbrev  0x0000000000004190       0xba /usr/lib/gcc/arm-none-eabi/6.3.1/../../../arm-none-eabi/lib/thumb/v7-m/libc_nano.a(lib_a-init.o)
 .debug_abbrev  0x000000000000424a      0x197 /usr/lib/gcc/arm-none-eabi/6.3.1/../../../arm-none-eabi/lib/thumb/v7-m/libc_nano.a(lib_a-memset.o)
 .debug_abbrev  0x00000000000043e1      0x217 /usr/lib/gcc/arm-none-eabi/6.3.1/../../../arm-none-eabi/lib/thumb/v7-m/libc_nano.a(lib_a-sprintf.o)
 .debug_abbrev  0x00000000000045f8      0x168 /usr/lib/gcc/arm-none-eabi/6.3.1/../../../arm-none-eabi/lib/thumb/v7-m/libc_nano.a(lib_a-strlen-stub.o)
 .debug_abbrev  0x0000000000004760      0x2d7 /usr/lib/gcc/arm-none-eabi/6.3.1/../../../arm-none-eabi/lib/thumb/v7-m/libc_nano.a(lib_a-nano-svfprintf.o)
 .debug_abbrev  0x0000000000004a37      0x27c /usr/lib/gcc/arm-none-eabi/6.3.1/../../../arm-none-eabi/lib/thumb/v7-m/libc_nano.a(lib_a-nano-vfprintf_i.o)
 .debug_abbrev  0x0000000000004cb3      0x19c /usr/lib/gcc/arm-none-eabi/6.3.1/../../../arm-none-eabi/lib/thumb/v7-m/libc_nano.a(lib_a-memchr-stub.o)
 .debug_abbrev  0x0000000000004e4f       0x14 /usr/lib/gcc/arm-none-eabi/6.3.1/../../../arm-none-eabi/lib/thumb/v7-m/libc_nano.a(lib_a-memcpy.o)
 .debug_abbrev  0x0000000000004e63      0x19c /usr/lib/gcc/arm-none-eabi/6.3.1/../../../arm-none-eabi/lib/thumb/v7-m/libc_nano.a(lib_a-memmove.o)
 .debug_abbrev  0x0000000000004fff      0x1ef /usr/lib/gcc/arm-none-eabi/6.3.1/../../../arm-none-eabi/lib/thumb/v7-m/libc_nano.a(lib_a-nano-freer.o)
 .debug_abbrev  0x00000000000051ee      0x274 /usr/lib/gcc/arm-none-eabi/6.3.1/../../../arm-none-eabi/lib/thumb/v7-m/libc_nano.a(lib_a-nano-mallocr.o)
 .debug_abbrev  0x0000000000005462      0x1ee /usr/lib/gcc/arm-none-eabi/6.3.1/../../../arm-none-eabi/lib/thumb/v7-m/libc_nano.a(lib_a-nano-reallocr.o)
 .debug_abbrev  0x0000000000005650      0x1d6 /usr/lib/gcc/arm-none-eabi/6.3.1/../../../arm-none-eabi/lib/thumb/v7-m/libc_nano.a(lib_a-sbrkr.o)
 .debug_abbrev  0x0000000000005826      0x1ab /usr/lib/gcc/arm-none-eabi/6.3.1/../../../arm-none-eabi/lib/thumb/v7-m/libc_nano.a(lib_a-nano-msizer.o)
 .debug_abbrev  0x00000000000059d1      0x228 /usr/lib/gcc/arm-none-eabi/6.3.1/../../../arm-none-eabi/lib/thumb/v7-m/libc_nano.a(lib_a-reent.o)
 .debug_abbrev  0x0000000000005bf9       0x92 /usr/lib/gcc/arm-none-eabi/6.3.1/../../../arm-none-eabi/lib/thumb/v7-m/libnosys.a(sbrk.o)

.debug_loc      0x0000000000000000    0x10ff2
 .debug_loc     0x0000000000000000       0xe2 build/main.o
 .debug_loc     0x00000000000000e2       0x38 build/gpio.o
 .debug_loc     0x000000000000011a       0x40 build/stm32f1xx_it.o
 .debug_loc     0x000000000000015a       0x2c build/stm32f1xx_hal_msp.o
 .debug_loc     0x0000000000000186     0x4333 build/stm32f1xx_hal_tim.o
 .debug_loc     0x00000000000044b9     0x162f build/stm32f1xx_hal_tim_ex.o
 .debug_loc     0x0000000000005ae8      0x1b0 build/stm32f1xx_hal.o
 .debug_loc     0x0000000000005c98      0x62d build/stm32f1xx_hal_rcc.o
 .debug_loc     0x00000000000062c5      0x364 build/stm32f1xx_hal_rcc_ex.o
 .debug_loc     0x0000000000006629      0x450 build/stm32f1xx_hal_gpio.o
 .debug_loc     0x0000000000006a79      0x685 build/stm32f1xx_hal_cortex.o
 .debug_loc     0x00000000000070fe       0xf5 build/stm32f1xx_hal_pwr.o
 .debug_loc     0x00000000000071f3       0xdf build/system_stm32f1xx.o
 .debug_loc     0x00000000000072d2      0x11c build/adc.o
 .debug_loc     0x00000000000073ee       0x9d build/rtc.o
 .debug_loc     0x000000000000748b      0x11c build/tim.o
 .debug_loc     0x00000000000075a7       0x20 build/usb_device.o
 .debug_loc     0x00000000000075c7      0x3fa build/usbd_desc.o
 .debug_loc     0x00000000000079c1      0x173 build/usbd_cdc_if.o
 .debug_loc     0x0000000000007b34      0xd5b build/usbd_conf.o
 .debug_loc     0x000000000000888f      0xd04 build/stm32f1xx_hal_pcd.o
 .debug_loc     0x0000000000009593       0xdc build/stm32f1xx_hal_pcd_ex.o
 .debug_loc     0x000000000000966f     0x122e build/stm32f1xx_ll_usb.o
 .debug_loc     0x000000000000a89d      0xc2e build/stm32f1xx_hal_adc.o
 .debug_loc     0x000000000000b4cb     0x17f6 build/stm32f1xx_hal_rtc.o
 .debug_loc     0x000000000000ccc1      0x8aa build/usbd_core.o
 .debug_loc     0x000000000000d56b     0x121a build/usbd_ctlreq.o
 .debug_loc     0x000000000000e785      0x31c build/usbd_ioreq.o
 .debug_loc     0x000000000000eaa1      0x841 build/usbd_cdc.o
 .debug_loc     0x000000000000f2e2       0xae /usr/lib/gcc/arm-none-eabi/6.3.1/../../../arm-none-eabi/lib/thumb/v7-m/libc_nano.a(lib_a-init.o)
 .debug_loc     0x000000000000f390      0x1bd /usr/lib/gcc/arm-none-eabi/6.3.1/../../../arm-none-eabi/lib/thumb/v7-m/libc_nano.a(lib_a-memset.o)
 .debug_loc     0x000000000000f54d       0x91 /usr/lib/gcc/arm-none-eabi/6.3.1/../../../arm-none-eabi/lib/thumb/v7-m/libc_nano.a(lib_a-sprintf.o)
 .debug_loc     0x000000000000f5de       0x21 /usr/lib/gcc/arm-none-eabi/6.3.1/../../../arm-none-eabi/lib/thumb/v7-m/libc_nano.a(lib_a-strlen-stub.o)
 .debug_loc     0x000000000000f5ff      0x6cb /usr/lib/gcc/arm-none-eabi/6.3.1/../../../arm-none-eabi/lib/thumb/v7-m/libc_nano.a(lib_a-nano-svfprintf.o)
 .debug_loc     0x000000000000fcca      0x67f /usr/lib/gcc/arm-none-eabi/6.3.1/../../../arm-none-eabi/lib/thumb/v7-m/libc_nano.a(lib_a-nano-vfprintf_i.o)
 .debug_loc     0x0000000000010349      0x202 /usr/lib/gcc/arm-none-eabi/6.3.1/../../../arm-none-eabi/lib/thumb/v7-m/libc_nano.a(lib_a-memchr-stub.o)
 .debug_loc     0x000000000001054b      0x281 /usr/lib/gcc/arm-none-eabi/6.3.1/../../../arm-none-eabi/lib/thumb/v7-m/libc_nano.a(lib_a-memmove.o)
 .debug_loc     0x00000000000107cc      0x140 /usr/lib/gcc/arm-none-eabi/6.3.1/../../../arm-none-eabi/lib/thumb/v7-m/libc_nano.a(lib_a-nano-freer.o)
 .debug_loc     0x000000000001090c      0x378 /usr/lib/gcc/arm-none-eabi/6.3.1/../../../arm-none-eabi/lib/thumb/v7-m/libc_nano.a(lib_a-nano-mallocr.o)
 .debug_loc     0x0000000000010c84      0x185 /usr/lib/gcc/arm-none-eabi/6.3.1/../../../arm-none-eabi/lib/thumb/v7-m/libc_nano.a(lib_a-nano-reallocr.o)
 .debug_loc     0x0000000000010e09       0x4d /usr/lib/gcc/arm-none-eabi/6.3.1/../../../arm-none-eabi/lib/thumb/v7-m/libc_nano.a(lib_a-sbrkr.o)
 .debug_loc     0x0000000000010e56       0x78 /usr/lib/gcc/arm-none-eabi/6.3.1/../../../arm-none-eabi/lib/thumb/v7-m/libc_nano.a(lib_a-nano-msizer.o)
 .debug_loc     0x0000000000010ece       0xec /usr/lib/gcc/arm-none-eabi/6.3.1/../../../arm-none-eabi/lib/thumb/v7-m/libc_nano.a(lib_a-reent.o)
 .debug_loc     0x0000000000010fba       0x38 /usr/lib/gcc/arm-none-eabi/6.3.1/../../../arm-none-eabi/lib/thumb/v7-m/libnosys.a(sbrk.o)

.debug_aranges  0x0000000000000000     0x1450
 .debug_aranges
                0x0000000000000000       0x48 build/main.o
 .debug_aranges
                0x0000000000000048       0x20 build/gpio.o
 .debug_aranges
                0x0000000000000068       0x68 build/stm32f1xx_it.o
 .debug_aranges
                0x00000000000000d0       0x20 build/stm32f1xx_hal_msp.o
 .debug_aranges
                0x00000000000000f0      0x3a8 build/stm32f1xx_hal_tim.o
 .debug_aranges
                0x0000000000000498      0x150 build/stm32f1xx_hal_tim_ex.o
 .debug_aranges
                0x00000000000005e8       0xe0 build/stm32f1xx_hal.o
 .debug_aranges
                0x00000000000006c8       0x90 build/stm32f1xx_hal_rcc.o
 .debug_aranges
                0x0000000000000758       0x30 build/stm32f1xx_hal_rcc_ex.o
 .debug_aranges
                0x0000000000000788       0x58 build/stm32f1xx_hal_gpio.o
 .debug_aranges
                0x00000000000007e0       0x90 build/stm32f1xx_hal_cortex.o
 .debug_aranges
                0x0000000000000870       0xa8 build/stm32f1xx_hal_pwr.o
 .debug_aranges
                0x0000000000000918       0x28 build/system_stm32f1xx.o
 .debug_aranges
                0x0000000000000940       0x30 build/adc.o
 .debug_aranges
                0x0000000000000970       0x30 build/rtc.o
 .debug_aranges
                0x00000000000009a0       0x30 build/tim.o
 .debug_aranges
                0x00000000000009d0       0x20 build/usb_device.o
 .debug_aranges
                0x00000000000009f0       0x60 build/usbd_desc.o
 .debug_aranges
                0x0000000000000a50       0x40 build/usbd_cdc_if.o
 .debug_aranges
                0x0000000000000a90      0x118 build/usbd_conf.o
 .debug_aranges
                0x0000000000000ba8      0x120 build/stm32f1xx_hal_pcd.o
 .debug_aranges
                0x0000000000000cc8       0x38 build/stm32f1xx_hal_pcd_ex.o
 .debug_aranges
                0x0000000000000d00      0x108 build/stm32f1xx_ll_usb.o
 .debug_aranges
                0x0000000000000e08       0xf0 build/stm32f1xx_hal_adc.o
 .debug_aranges
                0x0000000000000ef8       0xf8 build/stm32f1xx_hal_rtc.o
 .debug_aranges
                0x0000000000000ff0       0xb8 build/usbd_core.o
 .debug_aranges
                0x00000000000010a8       0x88 build/usbd_ctlreq.o
 .debug_aranges
                0x0000000000001130       0x50 build/usbd_ioreq.o
 .debug_aranges
                0x0000000000001180       0x90 build/usbd_cdc.o
 .debug_aranges
                0x0000000000001210       0x28 build/startup_stm32f103xb.o
 .debug_aranges
                0x0000000000001238       0x18 /usr/lib/gcc/arm-none-eabi/6.3.1/../../../arm-none-eabi/lib/thumb/v7-m/libc_nano.a(lib_a-impure.o)
 .debug_aranges
                0x0000000000001250       0x20 /usr/lib/gcc/arm-none-eabi/6.3.1/../../../arm-none-eabi/lib/thumb/v7-m/libc_nano.a(lib_a-init.o)
 .debug_aranges
                0x0000000000001270       0x20 /usr/lib/gcc/arm-none-eabi/6.3.1/../../../arm-none-eabi/lib/thumb/v7-m/libc_nano.a(lib_a-memset.o)
 .debug_aranges
                0x0000000000001290       0x20 /usr/lib/gcc/arm-none-eabi/6.3.1/../../../arm-none-eabi/lib/thumb/v7-m/libc_nano.a(lib_a-sprintf.o)
 .debug_aranges
                0x00000000000012b0       0x20 /usr/lib/gcc/arm-none-eabi/6.3.1/../../../arm-none-eabi/lib/thumb/v7-m/libc_nano.a(lib_a-strlen-stub.o)
 .debug_aranges
                0x00000000000012d0       0x20 /usr/lib/gcc/arm-none-eabi/6.3.1/../../../arm-none-eabi/lib/thumb/v7-m/libc_nano.a(lib_a-nano-svfprintf.o)
 .debug_aranges
                0x00000000000012f0       0x20 /usr/lib/gcc/arm-none-eabi/6.3.1/../../../arm-none-eabi/lib/thumb/v7-m/libc_nano.a(lib_a-nano-vfprintf_i.o)
 .debug_aranges
                0x0000000000001310       0x20 /usr/lib/gcc/arm-none-eabi/6.3.1/../../../arm-none-eabi/lib/thumb/v7-m/libc_nano.a(lib_a-memchr-stub.o)
 .debug_aranges
                0x0000000000001330       0x20 /usr/lib/gcc/arm-none-eabi/6.3.1/../../../arm-none-eabi/lib/thumb/v7-m/libc_nano.a(lib_a-memcpy.o)
 .debug_aranges
                0x0000000000001350       0x20 /usr/lib/gcc/arm-none-eabi/6.3.1/../../../arm-none-eabi/lib/thumb/v7-m/libc_nano.a(lib_a-memmove.o)
 .debug_aranges
                0x0000000000001370       0x20 /usr/lib/gcc/arm-none-eabi/6.3.1/../../../arm-none-eabi/lib/thumb/v7-m/libc_nano.a(lib_a-nano-freer.o)
 .debug_aranges
                0x0000000000001390       0x20 /usr/lib/gcc/arm-none-eabi/6.3.1/../../../arm-none-eabi/lib/thumb/v7-m/libc_nano.a(lib_a-nano-mallocr.o)
 .debug_aranges
                0x00000000000013b0       0x20 /usr/lib/gcc/arm-none-eabi/6.3.1/../../../arm-none-eabi/lib/thumb/v7-m/libc_nano.a(lib_a-nano-reallocr.o)
 .debug_aranges
                0x00000000000013d0       0x20 /usr/lib/gcc/arm-none-eabi/6.3.1/../../../arm-none-eabi/lib/thumb/v7-m/libc_nano.a(lib_a-sbrkr.o)
 .debug_aranges
                0x00000000000013f0       0x20 /usr/lib/gcc/arm-none-eabi/6.3.1/../../../arm-none-eabi/lib/thumb/v7-m/libc_nano.a(lib_a-nano-msizer.o)
 .debug_aranges
                0x0000000000001410       0x20 /usr/lib/gcc/arm-none-eabi/6.3.1/../../../arm-none-eabi/lib/thumb/v7-m/libc_nano.a(lib_a-reent.o)
 .debug_aranges
                0x0000000000001430       0x20 /usr/lib/gcc/arm-none-eabi/6.3.1/../../../arm-none-eabi/lib/thumb/v7-m/libnosys.a(sbrk.o)

.debug_ranges   0x0000000000000000     0x1388
 .debug_ranges  0x0000000000000000       0x38 build/main.o
 .debug_ranges  0x0000000000000038       0x10 build/gpio.o
 .debug_ranges  0x0000000000000048       0x58 build/stm32f1xx_it.o
 .debug_ranges  0x00000000000000a0       0x10 build/stm32f1xx_hal_msp.o
 .debug_ranges  0x00000000000000b0      0x398 build/stm32f1xx_hal_tim.o
 .debug_ranges  0x0000000000000448      0x140 build/stm32f1xx_hal_tim_ex.o
 .debug_ranges  0x0000000000000588       0xd0 build/stm32f1xx_hal.o
 .debug_ranges  0x0000000000000658       0xa0 build/stm32f1xx_hal_rcc.o
 .debug_ranges  0x00000000000006f8       0x38 build/stm32f1xx_hal_rcc_ex.o
 .debug_ranges  0x0000000000000730       0x48 build/stm32f1xx_hal_gpio.o
 .debug_ranges  0x0000000000000778       0xe0 build/stm32f1xx_hal_cortex.o
 .debug_ranges  0x0000000000000858       0x98 build/stm32f1xx_hal_pwr.o
 .debug_ranges  0x00000000000008f0       0x18 build/system_stm32f1xx.o
 .debug_ranges  0x0000000000000908       0x20 build/adc.o
 .debug_ranges  0x0000000000000928       0x20 build/rtc.o
 .debug_ranges  0x0000000000000948       0x20 build/tim.o
 .debug_ranges  0x0000000000000968       0x10 build/usb_device.o
 .debug_ranges  0x0000000000000978       0x50 build/usbd_desc.o
 .debug_ranges  0x00000000000009c8       0x30 build/usbd_cdc_if.o
 .debug_ranges  0x00000000000009f8      0x108 build/usbd_conf.o
 .debug_ranges  0x0000000000000b00      0x140 build/stm32f1xx_hal_pcd.o
 .debug_ranges  0x0000000000000c40       0x28 build/stm32f1xx_hal_pcd_ex.o
 .debug_ranges  0x0000000000000c68      0x218 build/stm32f1xx_ll_usb.o
 .debug_ranges  0x0000000000000e80       0xe0 build/stm32f1xx_hal_adc.o
 .debug_ranges  0x0000000000000f60       0xe8 build/stm32f1xx_hal_rtc.o
 .debug_ranges  0x0000000000001048       0xa8 build/usbd_core.o
 .debug_ranges  0x00000000000010f0       0x78 build/usbd_ctlreq.o
 .debug_ranges  0x0000000000001168       0x40 build/usbd_ioreq.o
 .debug_ranges  0x00000000000011a8       0x80 build/usbd_cdc.o
 .debug_ranges  0x0000000000001228       0x20 build/startup_stm32f103xb.o
 .debug_ranges  0x0000000000001248       0x10 /usr/lib/gcc/arm-none-eabi/6.3.1/../../../arm-none-eabi/lib/thumb/v7-m/libc_nano.a(lib_a-strlen-stub.o)
 .debug_ranges  0x0000000000001258       0x40 /usr/lib/gcc/arm-none-eabi/6.3.1/../../../arm-none-eabi/lib/thumb/v7-m/libc_nano.a(lib_a-nano-svfprintf.o)
 .debug_ranges  0x0000000000001298       0xb0 /usr/lib/gcc/arm-none-eabi/6.3.1/../../../arm-none-eabi/lib/thumb/v7-m/libc_nano.a(lib_a-nano-vfprintf_i.o)
 .debug_ranges  0x0000000000001348       0x40 /usr/lib/gcc/arm-none-eabi/6.3.1/../../../arm-none-eabi/lib/thumb/v7-m/libc_nano.a(lib_a-nano-mallocr.o)

.debug_line     0x0000000000000000     0x9371
 .debug_line    0x0000000000000000      0x403 build/main.o
 .debug_line    0x0000000000000403      0x160 build/gpio.o
 .debug_line    0x0000000000000563      0x21d build/stm32f1xx_it.o
 .debug_line    0x0000000000000780      0x14f build/stm32f1xx_hal_msp.o
 .debug_line    0x00000000000008cf     0x12c0 build/stm32f1xx_hal_tim.o
 .debug_line    0x0000000000001b8f      0x7ca build/stm32f1xx_hal_tim_ex.o
 .debug_line    0x0000000000002359      0x354 build/stm32f1xx_hal.o
 .debug_line    0x00000000000026ad      0x48c build/stm32f1xx_hal_rcc.o
 .debug_line    0x0000000000002b39      0x26d build/stm32f1xx_hal_rcc_ex.o
 .debug_line    0x0000000000002da6      0x31f build/stm32f1xx_hal_gpio.o
 .debug_line    0x00000000000030c5      0x328 build/stm32f1xx_hal_cortex.o
 .debug_line    0x00000000000033ed      0x2f6 build/stm32f1xx_hal_pwr.o
 .debug_line    0x00000000000036e3      0x198 build/system_stm32f1xx.o
 .debug_line    0x000000000000387b      0x209 build/adc.o
 .debug_line    0x0000000000003a84      0x1f1 build/rtc.o
 .debug_line    0x0000000000003c75      0x215 build/tim.o
 .debug_line    0x0000000000003e8a      0x27f build/usb_device.o
 .debug_line    0x0000000000004109      0x2ca build/usbd_desc.o
 .debug_line    0x00000000000043d3      0x295 build/usbd_cdc_if.o
 .debug_line    0x0000000000004668      0x52f build/usbd_conf.o
 .debug_line    0x0000000000004b97      0x67c build/stm32f1xx_hal_pcd.o
 .debug_line    0x0000000000005213      0x1e8 build/stm32f1xx_hal_pcd_ex.o
 .debug_line    0x00000000000053fb      0x635 build/stm32f1xx_ll_usb.o
 .debug_line    0x0000000000005a30      0x706 build/stm32f1xx_hal_adc.o
 .debug_line    0x0000000000006136      0x6a0 build/stm32f1xx_hal_rtc.o
 .debug_line    0x00000000000067d6      0x475 build/usbd_core.o
 .debug_line    0x0000000000006c4b      0x59f build/usbd_ctlreq.o
 .debug_line    0x00000000000071ea      0x295 build/usbd_ioreq.o
 .debug_line    0x000000000000747f      0x4b7 build/usbd_cdc.o
 .debug_line    0x0000000000007936       0x72 build/startup_stm32f103xb.o
 .debug_line    0x00000000000079a8       0xe9 /usr/lib/gcc/arm-none-eabi/6.3.1/../../../arm-none-eabi/lib/thumb/v7-m/libc_nano.a(lib_a-impure.o)
 .debug_line    0x0000000000007a91       0xb9 /usr/lib/gcc/arm-none-eabi/6.3.1/../../../arm-none-eabi/lib/thumb/v7-m/libc_nano.a(lib_a-init.o)
 .debug_line    0x0000000000007b4a      0x176 /usr/lib/gcc/arm-none-eabi/6.3.1/../../../arm-none-eabi/lib/thumb/v7-m/libc_nano.a(lib_a-memset.o)
 .debug_line    0x0000000000007cc0      0x1a9 /usr/lib/gcc/arm-none-eabi/6.3.1/../../../arm-none-eabi/lib/thumb/v7-m/libc_nano.a(lib_a-sprintf.o)
 .debug_line    0x0000000000007e69      0x152 /usr/lib/gcc/arm-none-eabi/6.3.1/../../../arm-none-eabi/lib/thumb/v7-m/libc_nano.a(lib_a-strlen-stub.o)
 .debug_line    0x0000000000007fbb      0x391 /usr/lib/gcc/arm-none-eabi/6.3.1/../../../arm-none-eabi/lib/thumb/v7-m/libc_nano.a(lib_a-nano-svfprintf.o)
 .debug_line    0x000000000000834c      0x39d /usr/lib/gcc/arm-none-eabi/6.3.1/../../../arm-none-eabi/lib/thumb/v7-m/libc_nano.a(lib_a-nano-vfprintf_i.o)
 .debug_line    0x00000000000086e9      0x186 /usr/lib/gcc/arm-none-eabi/6.3.1/../../../arm-none-eabi/lib/thumb/v7-m/libc_nano.a(lib_a-memchr-stub.o)
 .debug_line    0x000000000000886f       0xbe /usr/lib/gcc/arm-none-eabi/6.3.1/../../../arm-none-eabi/lib/thumb/v7-m/libc_nano.a(lib_a-memcpy.o)
 .debug_line    0x000000000000892d      0x185 /usr/lib/gcc/arm-none-eabi/6.3.1/../../../arm-none-eabi/lib/thumb/v7-m/libc_nano.a(lib_a-memmove.o)
 .debug_line    0x0000000000008ab2      0x160 /usr/lib/gcc/arm-none-eabi/6.3.1/../../../arm-none-eabi/lib/thumb/v7-m/libc_nano.a(lib_a-nano-freer.o)
 .debug_line    0x0000000000008c12      0x1a4 /usr/lib/gcc/arm-none-eabi/6.3.1/../../../arm-none-eabi/lib/thumb/v7-m/libc_nano.a(lib_a-nano-mallocr.o)
 .debug_line    0x0000000000008db6      0x17b /usr/lib/gcc/arm-none-eabi/6.3.1/../../../arm-none-eabi/lib/thumb/v7-m/libc_nano.a(lib_a-nano-reallocr.o)
 .debug_line    0x0000000000008f31      0x15a /usr/lib/gcc/arm-none-eabi/6.3.1/../../../arm-none-eabi/lib/thumb/v7-m/libc_nano.a(lib_a-sbrkr.o)
 .debug_line    0x000000000000908b      0x10f /usr/lib/gcc/arm-none-eabi/6.3.1/../../../arm-none-eabi/lib/thumb/v7-m/libc_nano.a(lib_a-nano-msizer.o)
 .debug_line    0x000000000000919a      0x17c /usr/lib/gcc/arm-none-eabi/6.3.1/../../../arm-none-eabi/lib/thumb/v7-m/libc_nano.a(lib_a-reent.o)
 .debug_line    0x0000000000009316       0x5b /usr/lib/gcc/arm-none-eabi/6.3.1/../../../arm-none-eabi/lib/thumb/v7-m/libnosys.a(sbrk.o)

.debug_str      0x0000000000000000     0x5d75
 .debug_str     0x0000000000000000     0x11fc build/main.o
                                       0x139f (size before relaxing)
 .debug_str     0x00000000000011fc       0x8a build/gpio.o
                                        0x302 (size before relaxing)
 .debug_str     0x0000000000001286      0x3b4 build/stm32f1xx_it.o
                                        0x63b (size before relaxing)
 .debug_str     0x000000000000163a       0x4d build/stm32f1xx_hal_msp.o
                                        0x2a4 (size before relaxing)
 .debug_str     0x0000000000001687      0xe2d build/stm32f1xx_hal_tim.o
                                       0x14b6 (size before relaxing)
 .debug_str     0x00000000000024b4      0x545 build/stm32f1xx_hal_tim_ex.o
                                        0xcce (size before relaxing)
 .debug_str     0x00000000000029f9      0x552 build/stm32f1xx_hal.o
                                        0x812 (size before relaxing)
 .debug_str     0x0000000000002f4b      0x1e2 build/stm32f1xx_hal_rcc.o
                                        0x667 (size before relaxing)
 .debug_str     0x000000000000312d       0x9c build/stm32f1xx_hal_rcc_ex.o
                                        0x446 (size before relaxing)
 .debug_str     0x00000000000031c9      0x114 build/stm32f1xx_hal_gpio.o
                                        0x485 (size before relaxing)
 .debug_str     0x00000000000032dd      0x390 build/stm32f1xx_hal_cortex.o
                                        0x934 (size before relaxing)
 .debug_str     0x000000000000366d      0x21a build/stm32f1xx_hal_pwr.o
                                        0x50e (size before relaxing)
 .debug_str     0x0000000000003887       0x4f build/system_stm32f1xx.o
                                        0x2f9 (size before relaxing)
 .debug_str     0x00000000000038d6       0x87 build/adc.o
                                        0x6a4 (size before relaxing)
 .debug_str     0x000000000000395d       0x94 build/rtc.o
                                        0x4a7 (size before relaxing)
 .debug_str     0x00000000000039f1       0x21 build/tim.o
                                        0x826 (size before relaxing)
 .debug_str     0x0000000000003a12       0x90 build/usb_device.o
                                        0xa98 (size before relaxing)
 .debug_str     0x0000000000003aa2      0x181 build/usbd_desc.o
                                        0x8a3 (size before relaxing)
 .debug_str     0x0000000000003c23      0x11e build/usbd_cdc_if.o
                                        0xb68 (size before relaxing)
 .debug_str     0x0000000000003d41      0x4e6 build/usbd_conf.o
                                       0x15de (size before relaxing)
 .debug_str     0x0000000000004227      0x27c build/stm32f1xx_hal_pcd.o
                                        0xa8c (size before relaxing)
 .debug_str     0x00000000000044a3      0x159 build/stm32f1xx_hal_pcd_ex.o
                                        0x722 (size before relaxing)
 .debug_str     0x00000000000045fc      0x194 build/stm32f1xx_ll_usb.o
                                        0x78c (size before relaxing)
 .debug_str     0x0000000000004790      0x2d2 build/stm32f1xx_hal_adc.o
                                        0x936 (size before relaxing)
 .debug_str     0x0000000000004a62      0x2bf build/stm32f1xx_hal_rtc.o
                                        0x782 (size before relaxing)
 .debug_str     0x0000000000004d21      0x13e build/usbd_core.o
                                        0xc83 (size before relaxing)
 .debug_str     0x0000000000004e5f       0xe2 build/usbd_ctlreq.o
                                        0xb9d (size before relaxing)
 .debug_str     0x0000000000004f41       0x60 build/usbd_ioreq.o
                                        0xaca (size before relaxing)
 .debug_str     0x0000000000004fa1      0x18f build/usbd_cdc.o
                                       0x103f (size before relaxing)
 .debug_str     0x0000000000005130      0x16f /usr/lib/gcc/arm-none-eabi/6.3.1/../../../arm-none-eabi/lib/thumb/v7-m/libc_nano.a(lib_a-impure.o)
                                        0x5a6 (size before relaxing)
 .debug_str     0x000000000000529f       0xf3 /usr/lib/gcc/arm-none-eabi/6.3.1/../../../arm-none-eabi/lib/thumb/v7-m/libc_nano.a(lib_a-init.o)
                                        0x1f7 (size before relaxing)
 .debug_str     0x0000000000005392       0xa0 /usr/lib/gcc/arm-none-eabi/6.3.1/../../../arm-none-eabi/lib/thumb/v7-m/libc_nano.a(lib_a-memset.o)
                                        0x5be (size before relaxing)
 .debug_str     0x0000000000005432      0x1e8 /usr/lib/gcc/arm-none-eabi/6.3.1/../../../arm-none-eabi/lib/thumb/v7-m/libc_nano.a(lib_a-sprintf.o)
                                        0x721 (size before relaxing)
 .debug_str     0x000000000000561a       0xa5 /usr/lib/gcc/arm-none-eabi/6.3.1/../../../arm-none-eabi/lib/thumb/v7-m/libc_nano.a(lib_a-strlen-stub.o)
                                        0x5bc (size before relaxing)
 .debug_str     0x00000000000056bf      0x253 /usr/lib/gcc/arm-none-eabi/6.3.1/../../../arm-none-eabi/lib/thumb/v7-m/libc_nano.a(lib_a-nano-svfprintf.o)
                                        0x915 (size before relaxing)
 .debug_str     0x0000000000005912       0x8b /usr/lib/gcc/arm-none-eabi/6.3.1/../../../arm-none-eabi/lib/thumb/v7-m/libc_nano.a(lib_a-nano-vfprintf_i.o)
                                        0x8b4 (size before relaxing)
 .debug_str     0x000000000000599d       0x4c /usr/lib/gcc/arm-none-eabi/6.3.1/../../../arm-none-eabi/lib/thumb/v7-m/libc_nano.a(lib_a-memchr-stub.o)
                                        0x5d6 (size before relaxing)
 .debug_str     0x00000000000059e9       0x53 /usr/lib/gcc/arm-none-eabi/6.3.1/../../../arm-none-eabi/lib/thumb/v7-m/libc_nano.a(lib_a-memmove.o)
                                        0x5dd (size before relaxing)
 .debug_str     0x0000000000005a3c      0x161 /usr/lib/gcc/arm-none-eabi/6.3.1/../../../arm-none-eabi/lib/thumb/v7-m/libc_nano.a(lib_a-nano-freer.o)
                                        0x6b8 (size before relaxing)
 .debug_str     0x0000000000005b9d       0x32 /usr/lib/gcc/arm-none-eabi/6.3.1/../../../arm-none-eabi/lib/thumb/v7-m/libc_nano.a(lib_a-nano-mallocr.o)
                                        0x6cf (size before relaxing)
 .debug_str     0x0000000000005bcf       0x23 /usr/lib/gcc/arm-none-eabi/6.3.1/../../../arm-none-eabi/lib/thumb/v7-m/libc_nano.a(lib_a-nano-reallocr.o)
                                        0x6d3 (size before relaxing)
 .debug_str     0x0000000000005bf2       0x44 /usr/lib/gcc/arm-none-eabi/6.3.1/../../../arm-none-eabi/lib/thumb/v7-m/libc_nano.a(lib_a-sbrkr.o)
                                        0x5e9 (size before relaxing)
 .debug_str     0x0000000000005c36        0xf /usr/lib/gcc/arm-none-eabi/6.3.1/../../../arm-none-eabi/lib/thumb/v7-m/libc_nano.a(lib_a-nano-msizer.o)
                                        0x6b1 (size before relaxing)
 .debug_str     0x0000000000005c45       0x5b /usr/lib/gcc/arm-none-eabi/6.3.1/../../../arm-none-eabi/lib/thumb/v7-m/libc_nano.a(lib_a-reent.o)
                                        0x5e2 (size before relaxing)
 .debug_str     0x0000000000005ca0       0xd5 /usr/lib/gcc/arm-none-eabi/6.3.1/../../../arm-none-eabi/lib/thumb/v7-m/libnosys.a(sbrk.o)
                                         0xee (size before relaxing)

.debug_frame    0x0000000000000000     0x366c
 .debug_frame   0x0000000000000000       0xa4 build/main.o
 .debug_frame   0x00000000000000a4       0x34 build/gpio.o
 .debug_frame   0x00000000000000d8       0xc8 build/stm32f1xx_it.o
 .debug_frame   0x00000000000001a0       0x28 build/stm32f1xx_hal_msp.o
 .debug_frame   0x00000000000001c8      0xbd0 build/stm32f1xx_hal_tim.o
 .debug_frame   0x0000000000000d98      0x430 build/stm32f1xx_hal_tim_ex.o
 .debug_frame   0x00000000000011c8      0x1e4 build/stm32f1xx_hal.o
 .debug_frame   0x00000000000013ac      0x1c4 build/stm32f1xx_hal_rcc.o
 .debug_frame   0x0000000000001570       0x74 build/stm32f1xx_hal_rcc_ex.o
 .debug_frame   0x00000000000015e4      0x104 build/stm32f1xx_hal_gpio.o
 .debug_frame   0x00000000000016e8      0x13c build/stm32f1xx_hal_cortex.o
 .debug_frame   0x0000000000001824      0x148 build/stm32f1xx_hal_pwr.o
 .debug_frame   0x000000000000196c       0x30 build/system_stm32f1xx.o
 .debug_frame   0x000000000000199c       0x6c build/adc.o
 .debug_frame   0x0000000000001a08       0x5c build/rtc.o
 .debug_frame   0x0000000000001a64       0x6c build/tim.o
 .debug_frame   0x0000000000001ad0       0x2c build/usb_device.o
 .debug_frame   0x0000000000001afc       0xfc build/usbd_desc.o
 .debug_frame   0x0000000000001bf8       0x84 build/usbd_cdc_if.o
 .debug_frame   0x0000000000001c7c      0x354 build/usbd_conf.o